Archive member included to satisfy reference by file (symbol)

d:/quartus15/nios2eds/bin/gnu/h-x86_64-mingw32/bin/../lib/gcc/nios2-elf/4.9.1/../../../../../H-x86_64-mingw32/nios2-elf/lib\libc.a(lib_a-printf.o)
                              obj/default/cpen391project.o (printf)
d:/quartus15/nios2eds/bin/gnu/h-x86_64-mingw32/bin/../lib/gcc/nios2-elf/4.9.1/../../../../../H-x86_64-mingw32/nios2-elf/lib\libc.a(lib_a-puts.o)
                              obj/default/cpen391project.o (puts)
d:/quartus15/nios2eds/bin/gnu/h-x86_64-mingw32/bin/../lib/gcc/nios2-elf/4.9.1/../../../../../H-x86_64-mingw32/nios2-elf/lib\libc.a(lib_a-strlen.o)
                              d:/quartus15/nios2eds/bin/gnu/h-x86_64-mingw32/bin/../lib/gcc/nios2-elf/4.9.1/../../../../../H-x86_64-mingw32/nios2-elf/lib\libc.a(lib_a-puts.o) (strlen)
d:/quartus15/nios2eds/bin/gnu/h-x86_64-mingw32/bin/../lib/gcc/nios2-elf/4.9.1/../../../../../H-x86_64-mingw32/nios2-elf/lib\libc.a(lib_a-vfprintf.o)
                              d:/quartus15/nios2eds/bin/gnu/h-x86_64-mingw32/bin/../lib/gcc/nios2-elf/4.9.1/../../../../../H-x86_64-mingw32/nios2-elf/lib\libc.a(lib_a-printf.o) (___vfprintf_internal_r)
d:/quartus15/nios2eds/bin/gnu/h-x86_64-mingw32/bin/../lib/gcc/nios2-elf/4.9.1/../../../../../H-x86_64-mingw32/nios2-elf/lib\libc.a(lib_a-wsetup.o)
                              d:/quartus15/nios2eds/bin/gnu/h-x86_64-mingw32/bin/../lib/gcc/nios2-elf/4.9.1/../../../../../H-x86_64-mingw32/nios2-elf/lib\libc.a(lib_a-vfprintf.o) (__swsetup_r)
d:/quartus15/nios2eds/bin/gnu/h-x86_64-mingw32/bin/../lib/gcc/nios2-elf/4.9.1/../../../../../H-x86_64-mingw32/nios2-elf/lib\libc.a(lib_a-dtoa.o)
                              d:/quartus15/nios2eds/bin/gnu/h-x86_64-mingw32/bin/../lib/gcc/nios2-elf/4.9.1/../../../../../H-x86_64-mingw32/nios2-elf/lib\libc.a(lib_a-vfprintf.o) (_dtoa_r)
d:/quartus15/nios2eds/bin/gnu/h-x86_64-mingw32/bin/../lib/gcc/nios2-elf/4.9.1/../../../../../H-x86_64-mingw32/nios2-elf/lib\libc.a(lib_a-fflush.o)
                              d:/quartus15/nios2eds/bin/gnu/h-x86_64-mingw32/bin/../lib/gcc/nios2-elf/4.9.1/../../../../../H-x86_64-mingw32/nios2-elf/lib\libc.a(lib_a-vfprintf.o) (_fflush_r)
d:/quartus15/nios2eds/bin/gnu/h-x86_64-mingw32/bin/../lib/gcc/nios2-elf/4.9.1/../../../../../H-x86_64-mingw32/nios2-elf/lib\libc.a(lib_a-findfp.o)
                              d:/quartus15/nios2eds/bin/gnu/h-x86_64-mingw32/bin/../lib/gcc/nios2-elf/4.9.1/../../../../../H-x86_64-mingw32/nios2-elf/lib\libc.a(lib_a-vfprintf.o) (__sinit)
d:/quartus15/nios2eds/bin/gnu/h-x86_64-mingw32/bin/../lib/gcc/nios2-elf/4.9.1/../../../../../H-x86_64-mingw32/nios2-elf/lib\libc.a(lib_a-freer.o)
                              d:/quartus15/nios2eds/bin/gnu/h-x86_64-mingw32/bin/../lib/gcc/nios2-elf/4.9.1/../../../../../H-x86_64-mingw32/nios2-elf/lib\libc.a(lib_a-wsetup.o) (_free_r)
d:/quartus15/nios2eds/bin/gnu/h-x86_64-mingw32/bin/../lib/gcc/nios2-elf/4.9.1/../../../../../H-x86_64-mingw32/nios2-elf/lib\libc.a(lib_a-fvwrite.o)
                              d:/quartus15/nios2eds/bin/gnu/h-x86_64-mingw32/bin/../lib/gcc/nios2-elf/4.9.1/../../../../../H-x86_64-mingw32/nios2-elf/lib\libc.a(lib_a-puts.o) (__sfvwrite_r)
d:/quartus15/nios2eds/bin/gnu/h-x86_64-mingw32/bin/../lib/gcc/nios2-elf/4.9.1/../../../../../H-x86_64-mingw32/nios2-elf/lib\libc.a(lib_a-fwalk.o)
                              d:/quartus15/nios2eds/bin/gnu/h-x86_64-mingw32/bin/../lib/gcc/nios2-elf/4.9.1/../../../../../H-x86_64-mingw32/nios2-elf/lib\libc.a(lib_a-findfp.o) (_fwalk)
d:/quartus15/nios2eds/bin/gnu/h-x86_64-mingw32/bin/../lib/gcc/nios2-elf/4.9.1/../../../../../H-x86_64-mingw32/nios2-elf/lib\libc.a(lib_a-impure.o)
                              d:/quartus15/nios2eds/bin/gnu/h-x86_64-mingw32/bin/../lib/gcc/nios2-elf/4.9.1/../../../../../H-x86_64-mingw32/nios2-elf/lib\libc.a(lib_a-fflush.o) (_global_impure_ptr)
d:/quartus15/nios2eds/bin/gnu/h-x86_64-mingw32/bin/../lib/gcc/nios2-elf/4.9.1/../../../../../H-x86_64-mingw32/nios2-elf/lib\libc.a(lib_a-locale.o)
                              d:/quartus15/nios2eds/bin/gnu/h-x86_64-mingw32/bin/../lib/gcc/nios2-elf/4.9.1/../../../../../H-x86_64-mingw32/nios2-elf/lib\libc.a(lib_a-vfprintf.o) (_localeconv_r)
d:/quartus15/nios2eds/bin/gnu/h-x86_64-mingw32/bin/../lib/gcc/nios2-elf/4.9.1/../../../../../H-x86_64-mingw32/nios2-elf/lib\libc.a(lib_a-makebuf.o)
                              d:/quartus15/nios2eds/bin/gnu/h-x86_64-mingw32/bin/../lib/gcc/nios2-elf/4.9.1/../../../../../H-x86_64-mingw32/nios2-elf/lib\libc.a(lib_a-wsetup.o) (__smakebuf_r)
d:/quartus15/nios2eds/bin/gnu/h-x86_64-mingw32/bin/../lib/gcc/nios2-elf/4.9.1/../../../../../H-x86_64-mingw32/nios2-elf/lib\libc.a(lib_a-mallocr.o)
                              d:/quartus15/nios2eds/bin/gnu/h-x86_64-mingw32/bin/../lib/gcc/nios2-elf/4.9.1/../../../../../H-x86_64-mingw32/nios2-elf/lib\libc.a(lib_a-findfp.o) (_malloc_r)
[...]
Memory Configuration

Name             Origin             Length             Attributes
reset            0x0000000008000000 0x0000000000000020
sdram            0x0000000008000020 0x0000000003ffffe0
*default*        0x0000000000000000 0xffffffffffffffff

Linker script and memory map

LOAD ../cpen391project_bsp//obj/HAL/src/crt0.o
LOAD obj/default/cpen391project.o
LOAD d:/quartus15/nios2eds/bin/gnu/h-x86_64-mingw32/bin/../lib/gcc/nios2-elf/4.9.1/../../../../../H-x86_64-mingw32/nios2-elf/lib\libstdc++.a
LOAD d:/quartus15/nios2eds/bin/gnu/h-x86_64-mingw32/bin/../lib/gcc/nios2-elf/4.9.1/../../../../../H-x86_64-mingw32/nios2-elf/lib\libm.a
LOAD d:/quartus15/nios2eds/bin/gnu/h-x86_64-mingw32/bin/../lib/gcc/nios2-elf/4.9.1\libgcc.a
START GROUP
LOAD d:/quartus15/nios2eds/bin/gnu/h-x86_64-mingw32/bin/../lib/gcc/nios2-elf/4.9.1/../../../../../H-x86_64-mingw32/nios2-elf/lib\libc.a
LOAD d:/quartus15/nios2eds/bin/gnu/h-x86_64-mingw32/bin/../lib/gcc/nios2-elf/4.9.1\libgcc.a
LOAD ../cpen391project_bsp/\libhal_bsp.a
LOAD d:/quartus15/nios2eds/bin/gnu/h-x86_64-mingw32/bin/../lib/gcc/nios2-elf/4.9.1/../../../../../H-x86_64-mingw32/nios2-elf/lib\libm.a
END GROUP
LOAD d:/quartus15/nios2eds/bin/gnu/h-x86_64-mingw32/bin/../lib/gcc/nios2-elf/4.9.1\libgcc.a
                0x0000000008000000                __alt_mem_sdram = 0x8000000

.entry          0x0000000008000000       0x20
 *(.entry)
 .entry         0x0000000008000000       0x20 ../cpen391project_bsp//obj/HAL/src/crt0.o
                0x0000000008000000                __reset

.exceptions     0x0000000008000020      0x19c
                0x0000000008000020                PROVIDE (__ram_exceptions_start, ABSOLUTE (.))
                0x0000000008000020                . = ALIGN (0x20)
 *(.irq)
 *(.exceptions.entry.label)
 .exceptions.entry.label
                0x0000000008000020        0x0 ../cpen391project_bsp/\libhal_bsp.a(alt_irq_entry.o)
                0x0000000008000020                alt_irq_entry
 .exceptions.entry.label
                0x0000000008000020        0x0 ../cpen391project_bsp/\libhal_bsp.a(alt_exception_entry.o)
                0x0000000008000020                alt_exception
 *(.exceptions.entry.user)
 *(.exceptions.entry.ecc_fatal)
 *(.exceptions.entry)
 .exceptions.entry
                0x0000000008000020       0x54 ../cpen391project_bsp/\libhal_bsp.a(alt_exception_entry.o)
 *(.exceptions.irqtest.user)
 *(.exceptions.irqtest)
 .exceptions.irqtest
                0x0000000008000074       0x10 ../cpen391project_bsp/\libhal_bsp.a(alt_irq_entry.o)
 *(.exceptions.irqhandler.user)
 *(.exceptions.irqhandler)
 .exceptions.irqhandler
                0x0000000008000084        0x4 ../cpen391project_bsp/\libhal_bsp.a(alt_irq_entry.o)
 *(.exceptions.irqreturn.user)
 *(.exceptions.irqreturn)
 .exceptions.irqreturn
                0x0000000008000088        0x4 ../cpen391project_bsp/\libhal_bsp.a(alt_irq_entry.o)
 *(.exceptions.notirq.label)
 .exceptions.notirq.label
                0x000000000800008c        0x0 ../cpen391project_bsp/\libhal_bsp.a(alt_irq_entry.o)
 *(.exceptions.notirq.user)
 *(.exceptions.notirq)
 .exceptions.notirq
                0x000000000800008c        0x8 ../cpen391project_bsp/\libhal_bsp.a(alt_exception_entry.o)
 *(.exceptions.soft.user)
 *(.exceptions.soft)
 *(.exceptions.unknown.user)
 *(.exceptions.unknown)
 .exceptions.unknown
                0x0000000008000094        0x4 ../cpen391project_bsp/\libhal_bsp.a(alt_exception_entry.o)
 *(.exceptions.exit.label)
 .exceptions.exit.label
                0x0000000008000098        0x0 ../cpen391project_bsp/\libhal_bsp.a(alt_irq_entry.o)
 .exceptions.exit.label
                0x0000000008000098        0x0 ../cpen391project_bsp/\libhal_bsp.a(alt_exception_entry.o)
 *(.exceptions.exit.user)
 *(.exceptions.exit)
 .exceptions.exit
                0x0000000008000098       0x54 ../cpen391project_bsp/\libhal_bsp.a(alt_exception_entry.o)
 *(.exceptions)
 .exceptions    0x00000000080000ec       0xd0 ../cpen391project_bsp/\libhal_bsp.a(alt_irq_handler.o)
                0x00000000080000ec                alt_irq_handler
                0x00000000080001bc                PROVIDE (__ram_exceptions_end, ABSOLUTE (.))
                0x0000000008000020                PROVIDE (__flash_exceptions_start, LOADADDR (.exceptions))

.text           0x00000000080001bc     0xf574
                0x00000000080001bc                PROVIDE (stext, ABSOLUTE (.))
 *(.interp)
 *(.hash)
 *(.dynsym)
 *(.dynstr)
 *(.gnu.version)
 *(.gnu.version_d)
 *(.gnu.version_r)
 *(.rel.init)
 *(.rela.init)
 *(.rel.text .rel.text.* .rel.gnu.linkonce.t.*)
 *(.rela.text .rela.text.* .rela.gnu.linkonce.t.*)
 *(.rel.fini)
 *(.rela.fini)
 *(.rel.rodata .rel.rodata.* .rel.gnu.linkonce.r.*)
 *(.rela.rodata .rela.rodata.* .rela.gnu.linkonce.r.*)
 *(.rel.data .rel.data.* .rel.gnu.linkonce.d.*)
 *(.rela.data .rela.data.* .rela.gnu.linkonce.d.*)
 *(.rel.tdata .rel.tdata.* .rel.gnu.linkonce.td.*)
 *(.rela.tdata .rela.tdata.* .rela.gnu.linkonce.td.*)
 *(.rel.tbss .rel.tbss.* .rel.gnu.linkonce.tb.*)
 *(.rela.tbss .rela.tbss.* .rela.gnu.linkonce.tb.*)
 *(.rel.ctors)
 *(.rela.ctors)
 *(.rel.dtors)
 *(.rela.dtors)
 *(.rel.got)
 *(.rela.got)
 *(.rel.sdata .rel.sdata.* .rel.gnu.linkonce.s.*)
 *(.rela.sdata .rela.sdata.* .rela.gnu.linkonce.s.*)
 *(.rel.sbss .rel.sbss.* .rel.gnu.linkonce.sb.*)
 *(.rela.sbss .rela.sbss.* .rela.gnu.linkonce.sb.*)
 *(.rel.sdata2 .rel.sdata2.* .rel.gnu.linkonce.s2.*)
 *(.rela.sdata2 .rela.sdata2.* .rela.gnu.linkonce.s2.*)
 *(.rel.sbss2 .rel.sbss2.* .rel.gnu.linkonce.sb2.*)
 *(.rela.sbss2 .rela.sbss2.* .rela.gnu.linkonce.sb2.*)
 *(.rel.bss .rel.bss.* .rel.gnu.linkonce.b.*)
 *(.rela.bss .rela.bss.* .rela.gnu.linkonce.b.*)
 *(.rel.plt)
 *(.rela.plt)
 *(.rel.dyn)
 *(.init)
 *(.plt)
 *(.text .stub .text.* .gnu.linkonce.t.*)
 .text          0x00000000080001bc       0x3c ../cpen391project_bsp//obj/HAL/src/crt0.o
                0x00000000080001bc                _start
 .text          0x00000000080001f8      0x540 obj/default/cpen391project.o
                0x00000000080001f8                Init_Sensor
                0x0000000008000234                Init_Touch
                0x0000000008000280                ScreenTouched
                0x00000000080002c0                SensorReceivedData
                0x0000000008000300                WaitForData
                0x0000000008000338                GetPress
                0x000000000800040c                GetRelease
                0x00000000080004e0                getcharTouch
                0x0000000008000528                getcharSensor
                0x0000000008000570                update
                0x0000000008000698                main
 .text          0x0000000008000738       0x68 d:/quartus15/nios2eds/bin/gnu/h-x86_64-mingw32/bin/../lib/gcc/nios2-elf/4.9.1/../../../../../H-x86_64-mingw32/nios2-elf/lib\libc.a(lib_a-printf.o)
                0x0000000008000738                _printf_r
                0x0000000008000764                printf
 .text          0x00000000080007a0       0xcc d:/quartus15/nios2eds/bin/gnu/h-x86_64-mingw32/bin/../lib/gcc/nios2-elf/4.9.1/../../../../../H-x86_64-mingw32/nios2-elf/lib\libc.a(lib_a-puts.o)
                0x00000000080007a0                _puts_r
                0x0000000008000858                puts
 .text          0x000000000800086c       0x98 d:/quartus15/nios2eds/bin/gnu/h-x86_64-mingw32/bin/../lib/gcc/nios2-elf/4.9.1/../../../../../H-x86_64-mingw32/nios2-elf/lib\libc.a(lib_a-strlen.o)
                0x000000000800086c                strlen
 .text          0x0000000008000904     0x2020 d:/quartus15/nios2eds/bin/gnu/h-x86_64-mingw32/bin/../lib/gcc/nios2-elf/4.9.1/../../../../../H-x86_64-mingw32/nios2-elf/lib\libc.a(lib_a-vfprintf.o)
                0x0000000008000904                ___vfprintf_internal_r
                0x0000000008002900                __vfprintf_internal
 .text          0x0000000008002924      0x130 d:/quartus15/nios2eds/bin/gnu/h-x86_64-mingw32/bin/../lib/gcc/nios2-elf/4.9.1/../../../../../H-x86_64-mingw32/nios2-elf/lib\libc.a(lib_a-wsetup.o)
                0x0000000008002924                __swsetup_r
 .text          0x0000000008002a54     0x1928 d:/quartus15/nios2eds/bin/gnu/h-x86_64-mingw32/bin/../lib/gcc/nios2-elf/4.9.1/../../../../../H-x86_64-mingw32/nios2-elf/lib\libc.a(lib_a-dtoa.o)
                0x0000000008002c54                _dtoa_r
 .text          0x000000000800437c      0x258 d:/quartus15/nios2eds/bin/gnu/h-x86_64-mingw32/bin/../lib/gcc/nios2-elf/4.9.1/../../../../../H-x86_64-mingw32/nios2-elf/lib\libc.a(lib_a-fflush.o)
                0x000000000800437c                _fflush_r
                0x00000000080045a4                fflush
 .text          0x00000000080045d4      0x3a0 d:/quartus15/nios2eds/bin/gnu/h-x86_64-mingw32/bin/../lib/gcc/nios2-elf/4.9.1/../../../../../H-x86_64-mingw32/nios2-elf/lib\libc.a(lib_a-findfp.o)
                0x00000000080045e4                _cleanup_r
                0x0000000008004790                __sfmoreglue
                0x00000000080047f4                __sfp
                0x000000000800490c                _cleanup
                0x0000000008004924                __sinit
                0x0000000008004934                __sfp_lock_acquire
                0x0000000008004938                __sfp_lock_release
                0x000000000800493c                __sinit_lock_acquire
                0x0000000008004940                __sinit_lock_release
                0x0000000008004944                __fp_lock_all
                0x000000000800495c                __fp_unlock_all
 .text          0x0000000008004974      0x414 d:/quartus15/nios2eds/bin/gnu/h-x86_64-mingw32/bin/../lib/gcc/nios2-elf/4.9.1/../../../../../H-x86_64-mingw32/nios2-elf/lib\libc.a(lib_a-freer.o)
                0x0000000008004974                _malloc_trim_r
                0x0000000008004a98                _free_r
 .text          0x0000000008004d88      0x4a4 d:/quartus15/nios2eds/bin/gnu/h-x86_64-mingw32/bin/../lib/gcc/nios2-elf/4.9.1/../../../../../H-x86_64-mingw32/nios2-elf/lib\libc.a(lib_a-fvwrite.o)
                0x0000000008004d88                __sfvwrite_r
 .text          0x000000000800522c      0x170 d:/quartus15/nios2eds/bin/gnu/h-x86_64-mingw32/bin/../lib/gcc/nios2-elf/4.9.1/../../../../../H-x86_64-mingw32/nios2-elf/lib\libc.a(lib_a-fwalk.o)
                0x000000000800522c                _fwalk
                0x00000000080052e4                _fwalk_reent
 .text          0x000000000800539c        0x0 d:/quartus15/nios2eds/bin/gnu/h-x86_64-mingw32/bin/../lib/gcc/nios2-elf/4.9.1/../../../../../H-x86_64-mingw32/nios2-elf/lib\libc.a(lib_a-impure.o)
 .text          0x000000000800539c       0xe0 d:/quartus15/nios2eds/bin/gnu/h-x86_64-mingw32/bin/../lib/gcc/nios2-elf/4.9.1/../../../../../H-x86_64-mingw32/nios2-elf/lib\libc.a(lib_a-locale.o)
                0x000000000800539c                _setlocale_r
                0x0000000008005418                __locale_charset
                0x0000000008005424                __locale_mb_cur_max
                0x0000000008005434                __locale_msgcharset
                0x0000000008005440                __locale_cjk_lang
                0x0000000008005448                _localeconv_r
                0x0000000008005454                setlocale
                0x0000000008005470                localeconv
 .text          0x000000000800547c      0x1b8 d:/quartus15/nios2eds/bin/gnu/h-x86_64-mingw32/bin/../lib/gcc/nios2-elf/4.9.1/../../../../../H-x86_64-mingw32/nios2-elf/lib\libc.a(lib_a-makebuf.o)
                0x000000000800547c                __smakebuf_r
 .text          0x0000000008005634      0x7a8 d:/quartus15/nios2eds/bin/gnu/h-x86_64-mingw32/bin/../lib/gcc/nios2-elf/4.9.1/../../../../../H-x86_64-mingw32/nios2-elf/lib\libc.a(lib_a-mallocr.o)
                0x0000000008005634                _malloc_r
 .text          0x0000000008005ddc       0xe8 d:/quartus15/nios2eds/bin/gnu/h-x86_64-mingw32/bin/../lib/gcc/nios2-elf/4.9.1/../../../../../H-x86_64-mingw32/nios2-elf/lib\libc.a(lib_a-memchr.o)
                0x0000000008005ddc                memchr
 .text          0x0000000008005ec4      0x138 d:/quartus15/nios2eds/bin/gnu/h-x86_64-mingw32/bin/../lib/gcc/nios2-elf/4.9.1/../../../../../H-x86_64-mingw32/nios2-elf/lib\libc.a(lib_a-memcpy.o)
                0x0000000008005ec4                memcpy
 .text          0x0000000008005ffc      0x15c d:/quartus15/nios2eds/bin/gnu/h-x86_64-mingw32/bin/../lib/gcc/nios2-elf/4.9.1/../../../../../H-x86_64-mingw32/nios2-elf/lib\libc.a(lib_a-memmove.o)
                0x0000000008005ffc                memmove
 .text          0x0000000008006158      0x124 d:/quartus15/nios2eds/bin/gnu/h-x86_64-mingw32/bin/../lib/gcc/nios2-elf/4.9.1/../../../../../H-x86_64-mingw32/nios2-elf/lib\libc.a(lib_a-memset.o)
                0x0000000008006158                memset
 .text          0x000000000800627c      0xf8c d:/quartus15/nios2eds/bin/gnu/h-x86_64-mingw32/bin/../lib/gcc/nios2-elf/4.9.1/../../../../../H-x86_64-mingw32/nios2-elf/lib\libc.a(lib_a-mprec.o)
                0x000000000800627c                _Balloc
                0x0000000008006324                _Bfree
                0x000000000800634c                __multadd
                0x0000000008006460                __s2b
                0x0000000008006564                __hi0bits
                0x00000000080065cc                __lo0bits
                0x000000000800667c                __i2b
                0x00000000080066b8                __multiply
                0x00000000080068b4                __pow5mult
                0x00000000080069f4                __lshift
                0x0000000008006b3c                __mcmp
                0x0000000008006b9c                __mdiff
                0x0000000008006d34                __ulp
                0x0000000008006d94                __b2d
                0x0000000008006eb0                __d2b
                0x0000000008006fec                __ratio
                0x0000000008007090                _mprec_log10
                0x0000000008007104                __copybits
                0x000000000800717c                __any_on
 .text          0x0000000008007208      0x5a0 d:/quartus15/nios2eds/bin/gnu/h-x86_64-mingw32/bin/../lib/gcc/nios2-elf/4.9.1/../../../../../H-x86_64-mingw32/nios2-elf/lib\libc.a(lib_a-reallocr.o)
                0x0000000008007208                _realloc_r
 .text          0x00000000080077a8       0x74 d:/quartus15/nios2eds/bin/gnu/h-x86_64-mingw32/bin/../lib/gcc/nios2-elf/4.9.1/../../../../../H-x86_64-mingw32/nios2-elf/lib\libc.a(lib_a-s_fpclassify.o)
                0x00000000080077a8                __fpclassifyd
 .text          0x000000000800781c       0x54 d:/quartus15/nios2eds/bin/gnu/h-x86_64-mingw32/bin/../lib/gcc/nios2-elf/4.9.1/../../../../../H-x86_64-mingw32/nios2-elf/lib\libc.a(lib_a-sbrkr.o)
                0x000000000800781c                _sbrk_r
 .text          0x0000000008007870      0x13c d:/quartus15/nios2eds/bin/gnu/h-x86_64-mingw32/bin/../lib/gcc/nios2-elf/4.9.1/../../../../../H-x86_64-mingw32/nios2-elf/lib\libc.a(lib_a-stdio.o)
                0x0000000008007870                __sread
                0x00000000080078c4                __seofread
                0x00000000080078cc                __swrite
                0x0000000008007948                __sseek
                0x00000000080079a4                __sclose
 .text          0x00000000080079ac       0xa4 d:/quartus15/nios2eds/bin/gnu/h-x86_64-mingw32/bin/../lib/gcc/nios2-elf/4.9.1/../../../../../H-x86_64-mingw32/nios2-elf/lib\libc.a(lib_a-strcmp.o)
                0x00000000080079ac                strcmp
 .text          0x0000000008007a50     0x1494 d:/quartus15/nios2eds/bin/gnu/h-x86_64-mingw32/bin/../lib/gcc/nios2-elf/4.9.1/../../../../../H-x86_64-mingw32/nios2-elf/lib\libc.a(lib_a-vfiprintf.o)
                0x0000000008007b4c                __sprint_r
                0x0000000008007b64                ___vfiprintf_internal_r
                0x0000000008008ec0                __vfiprintf_internal
 .text          0x0000000008008ee4       0x5c d:/quartus15/nios2eds/bin/gnu/h-x86_64-mingw32/bin/../lib/gcc/nios2-elf/4.9.1/../../../../../H-x86_64-mingw32/nios2-elf/lib\libc.a(lib_a-writer.o)
                0x0000000008008ee4                _write_r
 .text          0x0000000008008f40       0x54 d:/quartus15/nios2eds/bin/gnu/h-x86_64-mingw32/bin/../lib/gcc/nios2-elf/4.9.1/../../../../../H-x86_64-mingw32/nios2-elf/lib\libc.a(closer.o)
                0x0000000008008f40                _close_r
 .text          0x0000000008008f94       0xc4 d:/quartus15/nios2eds/bin/gnu/h-x86_64-mingw32/bin/../lib/gcc/nios2-elf/4.9.1/../../../../../H-x86_64-mingw32/nios2-elf/lib\libc.a(lib_a-callocr.o)
                0x0000000008008f94                _calloc_r
 .text          0x0000000008009058      0x114 d:/quartus15/nios2eds/bin/gnu/h-x86_64-mingw32/bin/../lib/gcc/nios2-elf/4.9.1/../../../../../H-x86_64-mingw32/nios2-elf/lib\libc.a(lib_a-fclose.o)
                0x0000000008009058                _fclose_r
                0x0000000008009158                fclose
 .text          0x000000000800916c      0x1dc d:/quartus15/nios2eds/bin/gnu/h-x86_64-mingw32/bin/../lib/gcc/nios2-elf/4.9.1/../../../../../H-x86_64-mingw32/nios2-elf/lib\libc.a(lib_a-fputwc.o)
                0x000000000800916c                _fputwc_r
                0x00000000080092f0                fputwc
 .text          0x0000000008009348       0x58 d:/quartus15/nios2eds/bin/gnu/h-x86_64-mingw32/bin/../lib/gcc/nios2-elf/4.9.1/../../../../../H-x86_64-mingw32/nios2-elf/lib\libc.a(lib_a-fstatr.o)
                0x0000000008009348                _fstat_r
 .text          0x00000000080093a0        0x0 d:/quartus15/nios2eds/bin/gnu/h-x86_64-mingw32/bin/../lib/gcc/nios2-elf/4.9.1/../../../../../H-x86_64-mingw32/nios2-elf/lib\libc.a(lib_a-int_errno.o)
 .text          0x00000000080093a0       0x54 d:/quartus15/nios2eds/bin/gnu/h-x86_64-mingw32/bin/../lib/gcc/nios2-elf/4.9.1/../../../../../H-x86_64-mingw32/nios2-elf/lib\libc.a(lib_a-isattyr.o)
                0x00000000080093a0                _isatty_r
 .text          0x00000000080093f4       0x5c d:/quartus15/nios2eds/bin/gnu/h-x86_64-mingw32/bin/../lib/gcc/nios2-elf/4.9.1/../../../../../H-x86_64-mingw32/nios2-elf/lib\libc.a(lib_a-lseekr.o)
                0x00000000080093f4                _lseek_r
 .text          0x0000000008009450       0x5c d:/quartus15/nios2eds/bin/gnu/h-x86_64-mingw32/bin/../lib/gcc/nios2-elf/4.9.1/../../../../../H-x86_64-mingw32/nios2-elf/lib\libc.a(lib_a-readr.o)
                0x0000000008009450                _read_r
 .text          0x00000000080094ac      0x170 d:/quartus15/nios2eds/bin/gnu/h-x86_64-mingw32/bin/../lib/gcc/nios2-elf/4.9.1/../../../../../H-x86_64-mingw32/nios2-elf/lib\libc.a(lib_a-wbuf.o)
                0x00000000080094ac                __swbuf_r
                0x0000000008009600                __swbuf
 .text          0x000000000800961c      0x174 d:/quartus15/nios2eds/bin/gnu/h-x86_64-mingw32/bin/../lib/gcc/nios2-elf/4.9.1/../../../../../H-x86_64-mingw32/nios2-elf/lib\libc.a(lib_a-wcrtomb.o)
                0x000000000800961c                _wcrtomb_r
                0x00000000080096b8                wcrtomb
 .text          0x0000000008009790       0x8c d:/quartus15/nios2eds/bin/gnu/h-x86_64-mingw32/bin/../lib/gcc/nios2-elf/4.9.1/../../../../../H-x86_64-mingw32/nios2-elf/lib\libc.a(lib_a-wctomb_r.o)
                0x0000000008009790                __ascii_wctomb
                0x00000000080097c0                _wctomb_r
 .text          0x000000000800981c      0x5c0 d:/quartus15/nios2eds/bin/gnu/h-x86_64-mingw32/bin/../lib/gcc/nios2-elf/4.9.1\libgcc.a(_udivdi3.o)
                0x000000000800981c                __udivdi3
 .text          0x0000000008009ddc      0x590 d:/quartus15/nios2eds/bin/gnu/h-x86_64-mingw32/bin/../lib/gcc/nios2-elf/4.9.1\libgcc.a(_umoddi3.o)
                0x0000000008009ddc                __umoddi3
 .text          0x000000000800a36c      0x12c d:/quartus15/nios2eds/bin/gnu/h-x86_64-mingw32/bin/../lib/gcc/nios2-elf/4.9.1\libgcc.a(lib2-divmod.o)
                0x000000000800a3d8                __divsi3
                0x000000000800a42c                __modsi3
                0x000000000800a488                __udivsi3
                0x000000000800a490                __umodsi3
 .text          0x000000000800a498      0x89c d:/quartus15/nios2eds/bin/gnu/h-x86_64-mingw32/bin/../lib/gcc/nios2-elf/4.9.1\libgcc.a(adddf3.o)
                0x000000000800a498                __adddf3
 .text          0x000000000800ad34      0x8cc d:/quartus15/nios2eds/bin/gnu/h-x86_64-mingw32/bin/../lib/gcc/nios2-elf/4.9.1\libgcc.a(divdf3.o)
                0x000000000800ad34                __divdf3
 .text          0x000000000800b600       0x84 d:/quartus15/nios2eds/bin/gnu/h-x86_64-mingw32/bin/../lib/gcc/nios2-elf/4.9.1\libgcc.a(eqdf2.o)
                0x000000000800b600                __nedf2
                0x000000000800b600                __eqdf2
 .text          0x000000000800b684       0xe0 d:/quartus15/nios2eds/bin/gnu/h-x86_64-mingw32/bin/../lib/gcc/nios2-elf/4.9.1\libgcc.a(gedf2.o)
                0x000000000800b684                __gedf2
                0x000000000800b684                __gtdf2
 .text          0x000000000800b764       0xe0 d:/quartus15/nios2eds/bin/gnu/h-x86_64-mingw32/bin/../lib/gcc/nios2-elf/4.9.1\libgcc.a(ledf2.o)
                0x000000000800b764                __ledf2
                0x000000000800b764                __ltdf2
 .text          0x000000000800b844      0x724 d:/quartus15/nios2eds/bin/gnu/h-x86_64-mingw32/bin/../lib/gcc/nios2-elf/4.9.1\libgcc.a(muldf3.o)
                0x000000000800b844                __muldf3
 .text          0x000000000800bf68      0x8d0 d:/quartus15/nios2eds/bin/gnu/h-x86_64-mingw32/bin/../lib/gcc/nios2-elf/4.9.1\libgcc.a(subdf3.o)
                0x000000000800bf68                __subdf3
 .text          0x000000000800c838       0x88 d:/quartus15/nios2eds/bin/gnu/h-x86_64-mingw32/bin/../lib/gcc/nios2-elf/4.9.1\libgcc.a(fixdfsi.o)
                0x000000000800c838                __fixdfsi
 .text          0x000000000800c8c0       0xd0 d:/quartus15/nios2eds/bin/gnu/h-x86_64-mingw32/bin/../lib/gcc/nios2-elf/4.9.1\libgcc.a(floatsidf.o)
                0x000000000800c8c0                __floatsidf
 .text          0x000000000800c990       0xa4 d:/quartus15/nios2eds/bin/gnu/h-x86_64-mingw32/bin/../lib/gcc/nios2-elf/4.9.1\libgcc.a(floatunsidf.o)
                0x000000000800c990                __floatunsidf
 .text          0x000000000800ca34        0x0 d:/quartus15/nios2eds/bin/gnu/h-x86_64-mingw32/bin/../lib/gcc/nios2-elf/4.9.1\libgcc.a(_clz.o)
 .text          0x000000000800ca34       0x64 d:/quartus15/nios2eds/bin/gnu/h-x86_64-mingw32/bin/../lib/gcc/nios2-elf/4.9.1\libgcc.a(_clzsi2.o)
                0x000000000800ca34                __clzsi2
 .text          0x000000000800ca98      0x120 ../cpen391project_bsp/\libhal_bsp.a(alt_close.o)
                0x000000000800cae8                close
 .text          0x000000000800cbb8       0x2c ../cpen391project_bsp/\libhal_bsp.a(alt_dev.o)
 .text          0x000000000800cbe4        0x0 ../cpen391project_bsp/\libhal_bsp.a(alt_errno.o)
 .text          0x000000000800cbe4      0x100 ../cpen391project_bsp/\libhal_bsp.a(alt_fstat.o)
                0x000000000800cc34                fstat
 .text          0x000000000800cce4       0xf4 ../cpen391project_bsp/\libhal_bsp.a(alt_isatty.o)
                0x000000000800cd34                isatty
 .text          0x000000000800cdd8       0xe4 ../cpen391project_bsp/\libhal_bsp.a(alt_load.o)
                0x000000000800ce3c                alt_load
 .text          0x000000000800cebc      0x124 ../cpen391project_bsp/\libhal_bsp.a(alt_lseek.o)
                0x000000000800cf0c                lseek
 .text          0x000000000800cfe0       0x78 ../cpen391project_bsp/\libhal_bsp.a(alt_main.o)
                0x000000000800cfe0                alt_main
 .text          0x000000000800d058       0x40 ../cpen391project_bsp/\libhal_bsp.a(alt_malloc_lock.o)
                0x000000000800d058                __malloc_lock
                0x000000000800d078                __malloc_unlock
 .text          0x000000000800d098      0x14c ../cpen391project_bsp/\libhal_bsp.a(alt_read.o)
                0x000000000800d0e8                read
 .text          0x000000000800d1e4       0x60 ../cpen391project_bsp/\libhal_bsp.a(alt_release_fd.o)
                0x000000000800d1e4                alt_release_fd
 .text          0x000000000800d244       0xb0 ../cpen391project_bsp/\libhal_bsp.a(alt_sbrk.o)
                0x000000000800d244                sbrk
 .text          0x000000000800d2f4      0x148 ../cpen391project_bsp/\libhal_bsp.a(alt_write.o)
                0x000000000800d344                write
 .text          0x000000000800d43c       0xdc ../cpen391project_bsp/\libhal_bsp.a(alt_sys_init.o)
                0x000000000800d474                alt_irq_init
                0x000000000800d4a8                alt_sys_init
 .text          0x000000000800d518      0x164 ../cpen391project_bsp/\libhal_bsp.a(altera_avalon_jtag_uart_fd.o)
                0x000000000800d518                altera_avalon_jtag_uart_read_fd
                0x000000000800d578                altera_avalon_jtag_uart_write_fd
                0x000000000800d5d8                altera_avalon_jtag_uart_close_fd
                0x000000000800d628                altera_avalon_jtag_uart_ioctl_fd
 .text          0x000000000800d67c      0x3d8 ../cpen391project_bsp/\libhal_bsp.a(altera_avalon_jtag_uart_init.o)
                0x000000000800d67c                altera_avalon_jtag_uart_init
                0x000000000800d9ec                altera_avalon_jtag_uart_close
 .text          0x000000000800da54       0xec ../cpen391project_bsp/\libhal_bsp.a(altera_avalon_jtag_uart_ioctl.o)
                0x000000000800da54                altera_avalon_jtag_uart_ioctl
 .text          0x000000000800db40      0x20c ../cpen391project_bsp/\libhal_bsp.a(altera_avalon_jtag_uart_read.o)
                0x000000000800db40                altera_avalon_jtag_uart_read
 .text          0x000000000800dd4c      0x218 ../cpen391project_bsp/\libhal_bsp.a(altera_avalon_jtag_uart_write.o)
                0x000000000800dd4c                altera_avalon_jtag_uart_write
 .text          0x000000000800df64       0xfc ../cpen391project_bsp/\libhal_bsp.a(altera_avalon_timer_sc.o)
                0x000000000800dfd8                alt_avalon_timer_sc_init
 .text          0x000000000800e060      0x4d8 ../cpen391project_bsp/\libhal_bsp.a(altera_up_avalon_character_lcd.o)
                0x000000000800e060                get_DDRAM_addr
                0x000000000800e0d4                alt_up_character_lcd_send_cmd
                0x000000000800e110                alt_up_character_lcd_init
                0x000000000800e144                alt_up_character_lcd_open_dev
                0x000000000800e184                alt_up_character_lcd_write
                0x000000000800e1fc                alt_up_character_lcd_string
                0x000000000800e270                alt_up_character_lcd_write_fd
                0x000000000800e2c0                alt_up_character_lcd_set_cursor_pos
                0x000000000800e334                alt_up_character_lcd_shift_cursor
                0x000000000800e3bc                alt_up_character_lcd_shift_display
                0x000000000800e444                alt_up_character_lcd_erase_pos
                0x000000000800e4d0                alt_up_character_lcd_cursor_off
                0x000000000800e504                alt_up_character_lcd_cursor_blink_on
 .text          0x000000000800e538      0x140 ../cpen391project_bsp/\libhal_bsp.a(alt_alarm_start.o)
                0x000000000800e538                alt_alarm_start
 .text          0x000000000800e678       0x1c ../cpen391project_bsp/\libhal_bsp.a(alt_dcache_flush_all.o)
                0x000000000800e678                alt_dcache_flush_all
 .text          0x000000000800e694       0xf4 ../cpen391project_bsp/\libhal_bsp.a(alt_dev_llist_insert.o)
                0x000000000800e6e4                alt_dev_llist_insert
 .text          0x000000000800e788       0x5c ../cpen391project_bsp/\libhal_bsp.a(alt_do_ctors.o)
                0x000000000800e788                _do_ctors
 .text          0x000000000800e7e4       0x5c ../cpen391project_bsp/\libhal_bsp.a(alt_do_dtors.o)
                0x000000000800e7e4                _do_dtors
 .text          0x000000000800e840       0x90 ../cpen391project_bsp/\libhal_bsp.a(alt_find_dev.o)
                0x000000000800e840                alt_find_dev
 .text          0x000000000800e8d0       0x30 ../cpen391project_bsp/\libhal_bsp.a(alt_icache_flush_all.o)
                0x000000000800e8d0                alt_icache_flush_all
 .text          0x000000000800e900      0x1e0 ../cpen391project_bsp/\libhal_bsp.a(alt_iic.o)
                0x000000000800e900                alt_ic_isr_register
                0x000000000800e950                alt_ic_irq_enable
                0x000000000800e9f0                alt_ic_irq_disable
                0x000000000800ea94                alt_ic_irq_enabled
 .text          0x000000000800eae0       0xf0 ../cpen391project_bsp/\libhal_bsp.a(alt_iic_isr_register.o)
                0x000000000800eae0                alt_iic_isr_register
 .text          0x000000000800ebd0      0x138 ../cpen391project_bsp/\libhal_bsp.a(alt_io_redirect.o)
                0x000000000800ec90                alt_io_redirect
 .text          0x000000000800ed08        0x0 ../cpen391project_bsp/\libhal_bsp.a(alt_irq_entry.o)
 .text          0x000000000800ed08        0x0 ../cpen391project_bsp/\libhal_bsp.a(alt_irq_handler.o)
 .text          0x000000000800ed08        0x0 ../cpen391project_bsp/\libhal_bsp.a(alt_irq_vars.o)
 .text          0x000000000800ed08      0x274 ../cpen391project_bsp/\libhal_bsp.a(alt_open.o)
                0x000000000800ee24                open
 .text          0x000000000800ef7c      0x19c ../cpen391project_bsp/\libhal_bsp.a(alt_tick.o)
                0x000000000800ef7c                alt_alarm_stop
                0x000000000800f014                alt_tick
 .text          0x000000000800f118       0x20 ../cpen391project_bsp/\libhal_bsp.a(altera_nios2_qsys_irq.o)
                0x000000000800f118                altera_nios2_qsys_irq_init
 .text          0x000000000800f138        0x0 ../cpen391project_bsp/\libhal_bsp.a(alt_exception_entry.o)
 .text          0x000000000800f138      0x114 ../cpen391project_bsp/\libhal_bsp.a(alt_find_file.o)
                0x000000000800f138                alt_find_file
 .text          0x000000000800f24c       0xb4 ../cpen391project_bsp/\libhal_bsp.a(alt_get_fd.o)
                0x000000000800f24c                alt_get_fd
 .text          0x000000000800f300       0x8c ../cpen391project_bsp/\libhal_bsp.a(alt_icache_flush.o)
                0x000000000800f300                alt_icache_flush
 .text          0x000000000800f38c       0x14 d:/quartus15/nios2eds/bin/gnu/h-x86_64-mingw32/bin/../lib/gcc/nios2-elf/4.9.1/../../../../../H-x86_64-mingw32/nios2-elf/lib\libc.a(lib_a-atexit.o)
                0x000000000800f38c                atexit
 .text          0x000000000800f3a0       0x38 d:/quartus15/nios2eds/bin/gnu/h-x86_64-mingw32/bin/../lib/gcc/nios2-elf/4.9.1/../../../../../H-x86_64-mingw32/nios2-elf/lib\libc.a(lib_a-exit.o)
                0x000000000800f3a0                exit
 .text          0x000000000800f3d8       0x7c d:/quartus15/nios2eds/bin/gnu/h-x86_64-mingw32/bin/../lib/gcc/nios2-elf/4.9.1/../../../../../H-x86_64-mingw32/nios2-elf/lib\libc.a(lib_a-memcmp.o)
                0x000000000800f3d8                memcmp
 .text          0x000000000800f454      0x114 d:/quartus15/nios2eds/bin/gnu/h-x86_64-mingw32/bin/../lib/gcc/nios2-elf/4.9.1/../../../../../H-x86_64-mingw32/nios2-elf/lib\libc.a(lib_a-__atexit.o)
                0x000000000800f454                __register_exitproc
 .text          0x000000000800f568      0x194 d:/quartus15/nios2eds/bin/gnu/h-x86_64-mingw32/bin/../lib/gcc/nios2-elf/4.9.1/../../../../../H-x86_64-mingw32/nios2-elf/lib\libc.a(lib_a-__call_atexit.o)
                0x000000000800f568                __call_exitprocs
 .text          0x000000000800f6fc       0x34 ../cpen391project_bsp/\libhal_bsp.a(alt_exit.o)
                0x000000000800f6fc                _exit
 *(.gnu.warning.*)
 *(.fini)
                0x000000000800f730                PROVIDE (__etext, ABSOLUTE (.))
                0x000000000800f730                PROVIDE (_etext, ABSOLUTE (.))
                0x000000000800f730                PROVIDE (etext, ABSOLUTE (.))
 *(.eh_frame_hdr)
                0x000000000800f730                . = ALIGN (0x4)
                0x000000000800f730                PROVIDE (__preinit_array_start, ABSOLUTE (.))
 *(.preinit_array)
                0x000000000800f730                PROVIDE (__preinit_array_end, ABSOLUTE (.))
                0x000000000800f730                PROVIDE (__init_array_start, ABSOLUTE (.))
 *(.init_array)
                0x000000000800f730                PROVIDE (__init_array_end, ABSOLUTE (.))
                0x000000000800f730                PROVIDE (__fini_array_start, ABSOLUTE (.))
 *(.fini_array)
                0x000000000800f730                PROVIDE (__fini_array_end, ABSOLUTE (.))
 *(.eh_frame)
 *(.gcc_except_table .gcc_except_table.*)
 *(.dynamic)
                0x000000000800f730                PROVIDE (__CTOR_LIST__, ABSOLUTE (.))
 *(.ctors)
 *(SORT(.ctors.*))
                0x000000000800f730                PROVIDE (__CTOR_END__, ABSOLUTE (.))
                0x000000000800f730                PROVIDE (__DTOR_LIST__, ABSOLUTE (.))
 *(.dtors)
 *(SORT(.dtors.*))
                0x000000000800f730                PROVIDE (__DTOR_END__, ABSOLUTE (.))
 *(.jcr)
                0x000000000800f730                . = ALIGN (0x4)

.rodata         0x000000000800f730      0x3a8
                0x000000000800f730                PROVIDE (__ram_rodata_start, ABSOLUTE (.))
                0x000000000800f730                . = ALIGN (0x4)
 *(.rodata .rodata.* .gnu.linkonce.r.*)
 .rodata        0x000000000800f730       0x90 obj/default/cpen391project.o
 .rodata.str1.4
                0x000000000800f7c0        0x2 d:/quartus15/nios2eds/bin/gnu/h-x86_64-mingw32/bin/../lib/gcc/nios2-elf/4.9.1/../../../../../H-x86_64-mingw32/nios2-elf/lib\libc.a(lib_a-puts.o)
                                          0x4 (size before relaxing)
 *fill*         0x000000000800f7c2        0x2 
 .rodata.str1.4
                0x000000000800f7c4       0x42 d:/quartus15/nios2eds/bin/gnu/h-x86_64-mingw32/bin/../lib/gcc/nios2-elf/4.9.1/../../../../../H-x86_64-mingw32/nios2-elf/lib\libc.a(lib_a-vfprintf.o)
                                         0x44 (size before relaxing)
 .rodata        0x000000000800f806       0x20 d:/quartus15/nios2eds/bin/gnu/h-x86_64-mingw32/bin/../lib/gcc/nios2-elf/4.9.1/../../../../../H-x86_64-mingw32/nios2-elf/lib\libc.a(lib_a-vfprintf.o)
 *fill*         0x000000000800f826        0x2 
 .rodata.str1.4
                0x000000000800f828       0x10 d:/quartus15/nios2eds/bin/gnu/h-x86_64-mingw32/bin/../lib/gcc/nios2-elf/4.9.1/../../../../../H-x86_64-mingw32/nios2-elf/lib\libc.a(lib_a-dtoa.o)
                                         0x14 (size before relaxing)
 .rodata.str1.4
                0x000000000800f838        0x2 d:/quartus15/nios2eds/bin/gnu/h-x86_64-mingw32/bin/../lib/gcc/nios2-elf/4.9.1/../../../../../H-x86_64-mingw32/nios2-elf/lib\libc.a(lib_a-impure.o)
                                          0x4 (size before relaxing)
 *fill*         0x000000000800f83a        0x2 
 .rodata.str1.4
                0x000000000800f83c        0xc d:/quartus15/nios2eds/bin/gnu/h-x86_64-mingw32/bin/../lib/gcc/nios2-elf/4.9.1/../../../../../H-x86_64-mingw32/nios2-elf/lib\libc.a(lib_a-locale.o)
                                         0x14 (size before relaxing)
 .rodata        0x000000000800f848      0x124 d:/quartus15/nios2eds/bin/gnu/h-x86_64-mingw32/bin/../lib/gcc/nios2-elf/4.9.1/../../../../../H-x86_64-mingw32/nios2-elf/lib\libc.a(lib_a-mprec.o)
                0x000000000800f854                __mprec_tinytens
                0x000000000800f87c                __mprec_bigtens
                0x000000000800f8a4                __mprec_tens
 .rodata.str1.4
                0x0000000000000000       0x30 d:/quartus15/nios2eds/bin/gnu/h-x86_64-mingw32/bin/../lib/gcc/nios2-elf/4.9.1/../../../../../H-x86_64-mingw32/nios2-elf/lib\libc.a(lib_a-vfiprintf.o)
 .rodata        0x000000000800f96c       0x20 d:/quartus15/nios2eds/bin/gnu/h-x86_64-mingw32/bin/../lib/gcc/nios2-elf/4.9.1/../../../../../H-x86_64-mingw32/nios2-elf/lib\libc.a(lib_a-vfiprintf.o)
 .rodata        0x000000000800f98c      0x100 d:/quartus15/nios2eds/bin/gnu/h-x86_64-mingw32/bin/../lib/gcc/nios2-elf/4.9.1\libgcc.a(_clz.o)
                0x000000000800f98c                __clz_tab
 .rodata        0x000000000800fa8c        0xc ../cpen391project_bsp/\libhal_bsp.a(alt_dev.o)
 .rodata        0x000000000800fa98       0x14 ../cpen391project_bsp/\libhal_bsp.a(alt_main.o)
 .rodata        0x000000000800faac       0x2c ../cpen391project_bsp/\libhal_bsp.a(alt_sys_init.o)
 *(.rodata1)
                0x000000000800fad8                . = ALIGN (0x4)
                0x000000000800fad8                PROVIDE (__ram_rodata_end, ABSOLUTE (.))
                0x000000000800f730                PROVIDE (__flash_rodata_start, LOADADDR (.rodata))

.rwdata         0x000000000800fad8     0x1b18 load address 0x00000000080115f0
                0x000000000800fad8                PROVIDE (__ram_rwdata_start, ABSOLUTE (.))
                0x000000000800fad8                . = ALIGN (0x4)
 *(.got.plt)
 *(.got)
 *(.data1)
 *(.data .data.* .gnu.linkonce.d.*)
 .data          0x000000000800fad8        0x0 ../cpen391project_bsp//obj/HAL/src/crt0.o
 .data          0x000000000800fad8        0x0 obj/default/cpen391project.o
 .data          0x000000000800fad8        0x0 d:/quartus15/nios2eds/bin/gnu/h-x86_64-mingw32/bin/../lib/gcc/nios2-elf/4.9.1/../../../../../H-x86_64-mingw32/nios2-elf/lib\libc.a(lib_a-printf.o)
 .data          0x000000000800fad8        0x0 d:/quartus15/nios2eds/bin/gnu/h-x86_64-mingw32/bin/../lib/gcc/nios2-elf/4.9.1/../../../../../H-x86_64-mingw32/nios2-elf/lib\libc.a(lib_a-puts.o)
 .data          0x000000000800fad8        0x0 d:/quartus15/nios2eds/bin/gnu/h-x86_64-mingw32/bin/../lib/gcc/nios2-elf/4.9.1/../../../../../H-x86_64-mingw32/nios2-elf/lib\libc.a(lib_a-strlen.o)
 .data          0x000000000800fad8        0x0 d:/quartus15/nios2eds/bin/gnu/h-x86_64-mingw32/bin/../lib/gcc/nios2-elf/4.9.1/../../../../../H-x86_64-mingw32/nios2-elf/lib\libc.a(lib_a-vfprintf.o)
 .data          0x000000000800fad8        0x0 d:/quartus15/nios2eds/bin/gnu/h-x86_64-mingw32/bin/../lib/gcc/nios2-elf/4.9.1/../../../../../H-x86_64-mingw32/nios2-elf/lib\libc.a(lib_a-wsetup.o)
 .data          0x000000000800fad8        0x0 d:/quartus15/nios2eds/bin/gnu/h-x86_64-mingw32/bin/../lib/gcc/nios2-elf/4.9.1/../../../../../H-x86_64-mingw32/nios2-elf/lib\libc.a(lib_a-dtoa.o)
 .data          0x000000000800fad8        0x0 d:/quartus15/nios2eds/bin/gnu/h-x86_64-mingw32/bin/../lib/gcc/nios2-elf/4.9.1/../../../../../H-x86_64-mingw32/nios2-elf/lib\libc.a(lib_a-fflush.o)
 .data          0x000000000800fad8        0x0 d:/quartus15/nios2eds/bin/gnu/h-x86_64-mingw32/bin/../lib/gcc/nios2-elf/4.9.1/../../../../../H-x86_64-mingw32/nios2-elf/lib\libc.a(lib_a-findfp.o)
 .data          0x000000000800fad8        0x0 d:/quartus15/nios2eds/bin/gnu/h-x86_64-mingw32/bin/../lib/gcc/nios2-elf/4.9.1/../../../../../H-x86_64-mingw32/nios2-elf/lib\libc.a(lib_a-freer.o)
 .data          0x000000000800fad8        0x0 d:/quartus15/nios2eds/bin/gnu/h-x86_64-mingw32/bin/../lib/gcc/nios2-elf/4.9.1/../../../../../H-x86_64-mingw32/nios2-elf/lib\libc.a(lib_a-fvwrite.o)
 .data          0x000000000800fad8        0x0 d:/quartus15/nios2eds/bin/gnu/h-x86_64-mingw32/bin/../lib/gcc/nios2-elf/4.9.1/../../../../../H-x86_64-mingw32/nios2-elf/lib\libc.a(lib_a-fwalk.o)
 .data          0x000000000800fad8      0x424 d:/quartus15/nios2eds/bin/gnu/h-x86_64-mingw32/bin/../lib/gcc/nios2-elf/4.9.1/../../../../../H-x86_64-mingw32/nios2-elf/lib\libc.a(lib_a-impure.o)
 .data          0x000000000800fefc       0x78 d:/quartus15/nios2eds/bin/gnu/h-x86_64-mingw32/bin/../lib/gcc/nios2-elf/4.9.1/../../../../../H-x86_64-mingw32/nios2-elf/lib\libc.a(lib_a-locale.o)
 .data          0x000000000800ff74        0x0 d:/quartus15/nios2eds/bin/gnu/h-x86_64-mingw32/bin/../lib/gcc/nios2-elf/4.9.1/../../../../../H-x86_64-mingw32/nios2-elf/lib\libc.a(lib_a-makebuf.o)
 .data          0x000000000800ff74      0x408 d:/quartus15/nios2eds/bin/gnu/h-x86_64-mingw32/bin/../lib/gcc/nios2-elf/4.9.1/../../../../../H-x86_64-mingw32/nios2-elf/lib\libc.a(lib_a-mallocr.o)
                0x000000000800ff74                __malloc_av_
 .data          0x000000000801037c        0x0 d:/quartus15/nios2eds/bin/gnu/h-x86_64-mingw32/bin/../lib/gcc/nios2-elf/4.9.1/../../../../../H-x86_64-mingw32/nios2-elf/lib\libc.a(lib_a-memchr.o)
 .data          0x000000000801037c        0x0 d:/quartus15/nios2eds/bin/gnu/h-x86_64-mingw32/bin/../lib/gcc/nios2-elf/4.9.1/../../../../../H-x86_64-mingw32/nios2-elf/lib\libc.a(lib_a-memcpy.o)
 .data          0x000000000801037c        0x0 d:/quartus15/nios2eds/bin/gnu/h-x86_64-mingw32/bin/../lib/gcc/nios2-elf/4.9.1/../../../../../H-x86_64-mingw32/nios2-elf/lib\libc.a(lib_a-memmove.o)
 .data          0x000000000801037c        0x0 d:/quartus15/nios2eds/bin/gnu/h-x86_64-mingw32/bin/../lib/gcc/nios2-elf/4.9.1/../../../../../H-x86_64-mingw32/nios2-elf/lib\libc.a(lib_a-memset.o)
 .data          0x000000000801037c        0x0 d:/quartus15/nios2eds/bin/gnu/h-x86_64-mingw32/bin/../lib/gcc/nios2-elf/4.9.1/../../../../../H-x86_64-mingw32/nios2-elf/lib\libc.a(lib_a-mprec.o)
 .data          0x000000000801037c        0x0 d:/quartus15/nios2eds/bin/gnu/h-x86_64-mingw32/bin/../lib/gcc/nios2-elf/4.9.1/../../../../../H-x86_64-mingw32/nios2-elf/lib\libc.a(lib_a-reallocr.o)
 .data          0x000000000801037c        0x0 d:/quartus15/nios2eds/bin/gnu/h-x86_64-mingw32/bin/../lib/gcc/nios2-elf/4.9.1/../../../../../H-x86_64-mingw32/nios2-elf/lib\libc.a(lib_a-s_fpclassify.o)
 .data          0x000000000801037c        0x0 d:/quartus15/nios2eds/bin/gnu/h-x86_64-mingw32/bin/../lib/gcc/nios2-elf/4.9.1/../../../../../H-x86_64-mingw32/nios2-elf/lib\libc.a(lib_a-sbrkr.o)
 .data          0x000000000801037c        0x0 d:/quartus15/nios2eds/bin/gnu/h-x86_64-mingw32/bin/../lib/gcc/nios2-elf/4.9.1/../../../../../H-x86_64-mingw32/nios2-elf/lib\libc.a(lib_a-stdio.o)
 .data          0x000000000801037c        0x0 d:/quartus15/nios2eds/bin/gnu/h-x86_64-mingw32/bin/../lib/gcc/nios2-elf/4.9.1/../../../../../H-x86_64-mingw32/nios2-elf/lib\libc.a(lib_a-strcmp.o)
 .data          0x000000000801037c        0x0 d:/quartus15/nios2eds/bin/gnu/h-x86_64-mingw32/bin/../lib/gcc/nios2-elf/4.9.1/../../../../../H-x86_64-mingw32/nios2-elf/lib\libc.a(lib_a-vfiprintf.o)
 .data          0x000000000801037c        0x0 d:/quartus15/nios2eds/bin/gnu/h-x86_64-mingw32/bin/../lib/gcc/nios2-elf/4.9.1/../../../../../H-x86_64-mingw32/nios2-elf/lib\libc.a(lib_a-writer.o)
 .data          0x000000000801037c        0x0 d:/quartus15/nios2eds/bin/gnu/h-x86_64-mingw32/bin/../lib/gcc/nios2-elf/4.9.1/../../../../../H-x86_64-mingw32/nios2-elf/lib\libc.a(closer.o)
 .data          0x000000000801037c        0x0 d:/quartus15/nios2eds/bin/gnu/h-x86_64-mingw32/bin/../lib/gcc/nios2-elf/4.9.1/../../../../../H-x86_64-mingw32/nios2-elf/lib\libc.a(lib_a-callocr.o)
 .data          0x000000000801037c        0x0 d:/quartus15/nios2eds/bin/gnu/h-x86_64-mingw32/bin/../lib/gcc/nios2-elf/4.9.1/../../../../../H-x86_64-mingw32/nios2-elf/lib\libc.a(lib_a-fclose.o)
 .data          0x000000000801037c        0x0 d:/quartus15/nios2eds/bin/gnu/h-x86_64-mingw32/bin/../lib/gcc/nios2-elf/4.9.1/../../../../../H-x86_64-mingw32/nios2-elf/lib\libc.a(lib_a-fputwc.o)
 .data          0x000000000801037c        0x0 d:/quartus15/nios2eds/bin/gnu/h-x86_64-mingw32/bin/../lib/gcc/nios2-elf/4.9.1/../../../../../H-x86_64-mingw32/nios2-elf/lib\libc.a(lib_a-fstatr.o)
 .data          0x000000000801037c        0x0 d:/quartus15/nios2eds/bin/gnu/h-x86_64-mingw32/bin/../lib/gcc/nios2-elf/4.9.1/../../../../../H-x86_64-mingw32/nios2-elf/lib\libc.a(lib_a-int_errno.o)
 .data          0x000000000801037c        0x0 d:/quartus15/nios2eds/bin/gnu/h-x86_64-mingw32/bin/../lib/gcc/nios2-elf/4.9.1/../../../../../H-x86_64-mingw32/nios2-elf/lib\libc.a(lib_a-isattyr.o)
 .data          0x000000000801037c        0x0 d:/quartus15/nios2eds/bin/gnu/h-x86_64-mingw32/bin/../lib/gcc/nios2-elf/4.9.1/../../../../../H-x86_64-mingw32/nios2-elf/lib\libc.a(lib_a-lseekr.o)
 .data          0x000000000801037c        0x0 d:/quartus15/nios2eds/bin/gnu/h-x86_64-mingw32/bin/../lib/gcc/nios2-elf/4.9.1/../../../../../H-x86_64-mingw32/nios2-elf/lib\libc.a(lib_a-readr.o)
 .data          0x000000000801037c        0x0 d:/quartus15/nios2eds/bin/gnu/h-x86_64-mingw32/bin/../lib/gcc/nios2-elf/4.9.1/../../../../../H-x86_64-mingw32/nios2-elf/lib\libc.a(lib_a-wbuf.o)
 .data          0x000000000801037c        0x0 d:/quartus15/nios2eds/bin/gnu/h-x86_64-mingw32/bin/../lib/gcc/nios2-elf/4.9.1/../../../../../H-x86_64-mingw32/nios2-elf/lib\libc.a(lib_a-wcrtomb.o)
 .data          0x000000000801037c        0x0 d:/quartus15/nios2eds/bin/gnu/h-x86_64-mingw32/bin/../lib/gcc/nios2-elf/4.9.1/../../../../../H-x86_64-mingw32/nios2-elf/lib\libc.a(lib_a-wctomb_r.o)
 .data          0x000000000801037c        0x0 d:/quartus15/nios2eds/bin/gnu/h-x86_64-mingw32/bin/../lib/gcc/nios2-elf/4.9.1\libgcc.a(_udivdi3.o)
 .data          0x000000000801037c        0x0 d:/quartus15/nios2eds/bin/gnu/h-x86_64-mingw32/bin/../lib/gcc/nios2-elf/4.9.1\libgcc.a(_umoddi3.o)
 .data          0x000000000801037c        0x0 d:/quartus15/nios2eds/bin/gnu/h-x86_64-mingw32/bin/../lib/gcc/nios2-elf/4.9.1\libgcc.a(lib2-divmod.o)
 .data          0x000000000801037c        0x0 d:/quartus15/nios2eds/bin/gnu/h-x86_64-mingw32/bin/../lib/gcc/nios2-elf/4.9.1\libgcc.a(adddf3.o)
 .data          0x000000000801037c        0x0 d:/quartus15/nios2eds/bin/gnu/h-x86_64-mingw32/bin/../lib/gcc/nios2-elf/4.9.1\libgcc.a(divdf3.o)
 .data          0x000000000801037c        0x0 d:/quartus15/nios2eds/bin/gnu/h-x86_64-mingw32/bin/../lib/gcc/nios2-elf/4.9.1\libgcc.a(eqdf2.o)
 .data          0x000000000801037c        0x0 d:/quartus15/nios2eds/bin/gnu/h-x86_64-mingw32/bin/../lib/gcc/nios2-elf/4.9.1\libgcc.a(gedf2.o)
 .data          0x000000000801037c        0x0 d:/quartus15/nios2eds/bin/gnu/h-x86_64-mingw32/bin/../lib/gcc/nios2-elf/4.9.1\libgcc.a(ledf2.o)
 .data          0x000000000801037c        0x0 d:/quartus15/nios2eds/bin/gnu/h-x86_64-mingw32/bin/../lib/gcc/nios2-elf/4.9.1\libgcc.a(muldf3.o)
 .data          0x000000000801037c        0x0 d:/quartus15/nios2eds/bin/gnu/h-x86_64-mingw32/bin/../lib/gcc/nios2-elf/4.9.1\libgcc.a(subdf3.o)
 .data          0x000000000801037c        0x0 d:/quartus15/nios2eds/bin/gnu/h-x86_64-mingw32/bin/../lib/gcc/nios2-elf/4.9.1\libgcc.a(fixdfsi.o)
 .data          0x000000000801037c        0x0 d:/quartus15/nios2eds/bin/gnu/h-x86_64-mingw32/bin/../lib/gcc/nios2-elf/4.9.1\libgcc.a(floatsidf.o)
 .data          0x000000000801037c        0x0 d:/quartus15/nios2eds/bin/gnu/h-x86_64-mingw32/bin/../lib/gcc/nios2-elf/4.9.1\libgcc.a(floatunsidf.o)
 .data          0x000000000801037c        0x0 d:/quartus15/nios2eds/bin/gnu/h-x86_64-mingw32/bin/../lib/gcc/nios2-elf/4.9.1\libgcc.a(_clz.o)
 .data          0x000000000801037c        0x0 d:/quartus15/nios2eds/bin/gnu/h-x86_64-mingw32/bin/../lib/gcc/nios2-elf/4.9.1\libgcc.a(_clzsi2.o)
 .data          0x000000000801037c        0x0 ../cpen391project_bsp/\libhal_bsp.a(alt_close.o)
 .data          0x000000000801037c      0x1a8 ../cpen391project_bsp/\libhal_bsp.a(alt_dev.o)
                0x000000000801037c                alt_dev_null
                0x00000000080103a4                alt_fd_list
 .data          0x0000000008010524        0x0 ../cpen391project_bsp/\libhal_bsp.a(alt_errno.o)
 .data          0x0000000008010524        0x0 ../cpen391project_bsp/\libhal_bsp.a(alt_fstat.o)
 .data          0x0000000008010524        0x0 ../cpen391project_bsp/\libhal_bsp.a(alt_isatty.o)
 .data          0x0000000008010524        0x0 ../cpen391project_bsp/\libhal_bsp.a(alt_load.o)
 .data          0x0000000008010524        0x0 ../cpen391project_bsp/\libhal_bsp.a(alt_lseek.o)
 .data          0x0000000008010524        0x0 ../cpen391project_bsp/\libhal_bsp.a(alt_main.o)
 .data          0x0000000008010524        0x0 ../cpen391project_bsp/\libhal_bsp.a(alt_malloc_lock.o)
 .data          0x0000000008010524        0x0 ../cpen391project_bsp/\libhal_bsp.a(alt_read.o)
 .data          0x0000000008010524        0x0 ../cpen391project_bsp/\libhal_bsp.a(alt_release_fd.o)
 .data          0x0000000008010524        0x0 ../cpen391project_bsp/\libhal_bsp.a(alt_sbrk.o)
 .data          0x0000000008010524        0x0 ../cpen391project_bsp/\libhal_bsp.a(alt_write.o)
 .data          0x0000000008010524     0x108c ../cpen391project_bsp/\libhal_bsp.a(alt_sys_init.o)
 .data          0x00000000080115b0        0x0 ../cpen391project_bsp/\libhal_bsp.a(altera_avalon_jtag_uart_fd.o)
 .data          0x00000000080115b0        0x0 ../cpen391project_bsp/\libhal_bsp.a(altera_avalon_jtag_uart_init.o)
 .data          0x00000000080115b0        0x0 ../cpen391project_bsp/\libhal_bsp.a(altera_avalon_jtag_uart_ioctl.o)
 .data          0x00000000080115b0        0x0 ../cpen391project_bsp/\libhal_bsp.a(altera_avalon_jtag_uart_read.o)
 .data          0x00000000080115b0        0x0 ../cpen391project_bsp/\libhal_bsp.a(altera_avalon_jtag_uart_write.o)
 .data          0x00000000080115b0        0x0 ../cpen391project_bsp/\libhal_bsp.a(altera_avalon_timer_sc.o)
 .data          0x00000000080115b0        0x0 ../cpen391project_bsp/\libhal_bsp.a(altera_up_avalon_character_lcd.o)
 .data          0x00000000080115b0        0x0 ../cpen391project_bsp/\libhal_bsp.a(alt_alarm_start.o)
 .data          0x00000000080115b0        0x0 ../cpen391project_bsp/\libhal_bsp.a(alt_dcache_flush_all.o)
 .data          0x00000000080115b0        0x0 ../cpen391project_bsp/\libhal_bsp.a(alt_dev_llist_insert.o)
 .data          0x00000000080115b0        0x0 ../cpen391project_bsp/\libhal_bsp.a(alt_do_ctors.o)
 .data          0x00000000080115b0        0x0 ../cpen391project_bsp/\libhal_bsp.a(alt_do_dtors.o)
 .data          0x00000000080115b0        0x0 ../cpen391project_bsp/\libhal_bsp.a(alt_find_dev.o)
 .data          0x00000000080115b0        0x0 ../cpen391project_bsp/\libhal_bsp.a(alt_icache_flush_all.o)
 .data          0x00000000080115b0        0x0 ../cpen391project_bsp/\libhal_bsp.a(alt_iic.o)
 .data          0x00000000080115b0        0x0 ../cpen391project_bsp/\libhal_bsp.a(alt_iic_isr_register.o)
 .data          0x00000000080115b0        0x0 ../cpen391project_bsp/\libhal_bsp.a(alt_io_redirect.o)
 .data          0x00000000080115b0        0x0 ../cpen391project_bsp/\libhal_bsp.a(alt_irq_entry.o)
 .data          0x00000000080115b0        0x0 ../cpen391project_bsp/\libhal_bsp.a(alt_irq_handler.o)
 .data          0x00000000080115b0        0x0 ../cpen391project_bsp/\libhal_bsp.a(alt_irq_vars.o)
 .data          0x00000000080115b0        0x0 ../cpen391project_bsp/\libhal_bsp.a(alt_open.o)
 .data          0x00000000080115b0        0x0 ../cpen391project_bsp/\libhal_bsp.a(alt_tick.o)
 .data          0x00000000080115b0        0x0 ../cpen391project_bsp/\libhal_bsp.a(altera_nios2_qsys_irq.o)
 .data          0x00000000080115b0        0x0 ../cpen391project_bsp/\libhal_bsp.a(alt_exception_entry.o)
 .data          0x00000000080115b0        0x0 ../cpen391project_bsp/\libhal_bsp.a(alt_find_file.o)
 .data          0x00000000080115b0        0x0 ../cpen391project_bsp/\libhal_bsp.a(alt_get_fd.o)
 .data          0x00000000080115b0        0x0 ../cpen391project_bsp/\libhal_bsp.a(alt_icache_flush.o)
 .data          0x00000000080115b0        0x0 d:/quartus15/nios2eds/bin/gnu/h-x86_64-mingw32/bin/../lib/gcc/nios2-elf/4.9.1/../../../../../H-x86_64-mingw32/nios2-elf/lib\libc.a(lib_a-atexit.o)
 .data          0x00000000080115b0        0x0 d:/quartus15/nios2eds/bin/gnu/h-x86_64-mingw32/bin/../lib/gcc/nios2-elf/4.9.1/../../../../../H-x86_64-mingw32/nios2-elf/lib\libc.a(lib_a-exit.o)
 .data          0x00000000080115b0        0x0 d:/quartus15/nios2eds/bin/gnu/h-x86_64-mingw32/bin/../lib/gcc/nios2-elf/4.9.1/../../../../../H-x86_64-mingw32/nios2-elf/lib\libc.a(lib_a-memcmp.o)
 .data          0x00000000080115b0        0x0 d:/quartus15/nios2eds/bin/gnu/h-x86_64-mingw32/bin/../lib/gcc/nios2-elf/4.9.1/../../../../../H-x86_64-mingw32/nios2-elf/lib\libc.a(lib_a-__atexit.o)
 .data          0x00000000080115b0        0x0 d:/quartus15/nios2eds/bin/gnu/h-x86_64-mingw32/bin/../lib/gcc/nios2-elf/4.9.1/../../../../../H-x86_64-mingw32/nios2-elf/lib\libc.a(lib_a-__call_atexit.o)
 .data          0x00000000080115b0        0x0 ../cpen391project_bsp/\libhal_bsp.a(alt_exit.o)
                0x00000000080195b0                _gp = ABSOLUTE ((. + 0x8000))
                0x00000000080195b0                PROVIDE (gp, _gp)
 *(.rwdata .rwdata.*)
 *(.sdata .sdata.* .gnu.linkonce.s.*)
 .sdata         0x00000000080115b0        0x8 d:/quartus15/nios2eds/bin/gnu/h-x86_64-mingw32/bin/../lib/gcc/nios2-elf/4.9.1/../../../../../H-x86_64-mingw32/nios2-elf/lib\libc.a(lib_a-impure.o)
                0x00000000080115b0                _global_impure_ptr
                0x00000000080115b4                _impure_ptr
 .sdata         0x00000000080115b8        0x4 d:/quartus15/nios2eds/bin/gnu/h-x86_64-mingw32/bin/../lib/gcc/nios2-elf/4.9.1/../../../../../H-x86_64-mingw32/nios2-elf/lib\libc.a(lib_a-locale.o)
                0x00000000080115b8                __mb_cur_max
 .sdata         0x00000000080115bc        0x8 d:/quartus15/nios2eds/bin/gnu/h-x86_64-mingw32/bin/../lib/gcc/nios2-elf/4.9.1/../../../../../H-x86_64-mingw32/nios2-elf/lib\libc.a(lib_a-mallocr.o)
                0x00000000080115bc                __malloc_sbrk_base
                0x00000000080115c0                __malloc_trim_threshold
 .sdata         0x00000000080115c4        0x4 d:/quartus15/nios2eds/bin/gnu/h-x86_64-mingw32/bin/../lib/gcc/nios2-elf/4.9.1/../../../../../H-x86_64-mingw32/nios2-elf/lib\libc.a(lib_a-wctomb_r.o)
                0x00000000080115c4                __wctomb
 .sdata         0x00000000080115c8       0x14 ../cpen391project_bsp/\libhal_bsp.a(alt_dev.o)
                0x00000000080115c8                alt_fs_list
                0x00000000080115d0                alt_dev_list
                0x00000000080115d8                alt_max_fd
 .sdata         0x00000000080115dc        0x4 ../cpen391project_bsp/\libhal_bsp.a(alt_errno.o)
                0x00000000080115dc                alt_errno
 .sdata         0x00000000080115e0        0x4 ../cpen391project_bsp/\libhal_bsp.a(alt_sbrk.o)
 .sdata         0x00000000080115e4        0x4 ../cpen391project_bsp/\libhal_bsp.a(alt_irq_vars.o)
                0x00000000080115e4                alt_priority_mask
 .sdata         0x00000000080115e8        0x8 ../cpen391project_bsp/\libhal_bsp.a(alt_tick.o)
                0x00000000080115e8                alt_alarm_list
 *(.sdata2 .sdata2.* .gnu.linkonce.s2.*)
                0x00000000080115f0                . = ALIGN (0x4)
                0x00000000080115f0                _edata = ABSOLUTE (.)
                0x00000000080115f0                PROVIDE (edata, ABSOLUTE (.))
                0x00000000080115f0                PROVIDE (__ram_rwdata_end, ABSOLUTE (.))
                0x00000000080115f0                PROVIDE (__flash_rwdata_start, LOADADDR (.rwdata))

.bss            0x0000000008013108      0x164
                0x0000000008013108                __bss_start = ABSOLUTE (.)
                0x0000000008013108                PROVIDE (__sbss_start, ABSOLUTE (.))
                0x0000000008013108                PROVIDE (___sbss_start, ABSOLUTE (.))
 *(.dynsbss)
 *(.sbss .sbss.* .gnu.linkonce.sb.*)
 .sbss          0x0000000008013108        0x8 obj/default/cpen391project.o
                0x0000000008013108                mq5
                0x000000000801310c                mq135
 .sbss          0x0000000008013110        0xc d:/quartus15/nios2eds/bin/gnu/h-x86_64-mingw32/bin/../lib/gcc/nios2-elf/4.9.1/../../../../../H-x86_64-mingw32/nios2-elf/lib\libc.a(lib_a-locale.o)
                0x0000000008013110                _PathLocale
                0x0000000008013114                __mlocale_changed
                0x0000000008013118                __nlocale_changed
 .sbss          0x000000000801311c        0xc d:/quartus15/nios2eds/bin/gnu/h-x86_64-mingw32/bin/../lib/gcc/nios2-elf/4.9.1/../../../../../H-x86_64-mingw32/nios2-elf/lib\libc.a(lib_a-mallocr.o)
                0x000000000801311c                __malloc_max_total_mem
                0x0000000008013120                __malloc_max_sbrked_mem
                0x0000000008013124                __malloc_top_pad
 .sbss          0x0000000008013128        0x4 d:/quartus15/nios2eds/bin/gnu/h-x86_64-mingw32/bin/../lib/gcc/nios2-elf/4.9.1/../../../../../H-x86_64-mingw32/nios2-elf/lib\libc.a(lib_a-int_errno.o)
                0x0000000008013128                errno
 .sbss          0x000000000801312c        0xc ../cpen391project_bsp/\libhal_bsp.a(alt_main.o)
                0x000000000801312c                alt_argc
                0x0000000008013130                alt_argv
                0x0000000008013134                alt_envp
 .sbss          0x0000000008013138        0x4 ../cpen391project_bsp/\libhal_bsp.a(alt_irq_vars.o)
                0x0000000008013138                alt_irq_active
 .sbss          0x000000000801313c        0x8 ../cpen391project_bsp/\libhal_bsp.a(alt_tick.o)
                0x000000000801313c                _alt_tick_rate
                0x0000000008013140                _alt_nticks
 *(.sbss2 .sbss2.* .gnu.linkonce.sb2.*)
 *(.scommon)
                0x0000000008013144                PROVIDE (__sbss_end, ABSOLUTE (.))
                0x0000000008013144                PROVIDE (___sbss_end, ABSOLUTE (.))
 *(.dynbss)
 *(.bss .bss.* .gnu.linkonce.b.*)
 .bss           0x0000000008013144        0x0 ../cpen391project_bsp//obj/HAL/src/crt0.o
 .bss           0x0000000008013144        0x0 obj/default/cpen391project.o
 .bss           0x0000000008013144        0x0 d:/quartus15/nios2eds/bin/gnu/h-x86_64-mingw32/bin/../lib/gcc/nios2-elf/4.9.1/../../../../../H-x86_64-mingw32/nios2-elf/lib\libc.a(lib_a-printf.o)
 .bss           0x0000000008013144        0x0 d:/quartus15/nios2eds/bin/gnu/h-x86_64-mingw32/bin/../lib/gcc/nios2-elf/4.9.1/../../../../../H-x86_64-mingw32/nios2-elf/lib\libc.a(lib_a-puts.o)
 .bss           0x0000000008013144        0x0 d:/quartus15/nios2eds/bin/gnu/h-x86_64-mingw32/bin/../lib/gcc/nios2-elf/4.9.1/../../../../../H-x86_64-mingw32/nios2-elf/lib\libc.a(lib_a-strlen.o)
 .bss           0x0000000008013144        0x0 d:/quartus15/nios2eds/bin/gnu/h-x86_64-mingw32/bin/../lib/gcc/nios2-elf/4.9.1/../../../../../H-x86_64-mingw32/nios2-elf/lib\libc.a(lib_a-vfprintf.o)
 .bss           0x0000000008013144        0x0 d:/quartus15/nios2eds/bin/gnu/h-x86_64-mingw32/bin/../lib/gcc/nios2-elf/4.9.1/../../../../../H-x86_64-mingw32/nios2-elf/lib\libc.a(lib_a-wsetup.o)
 .bss           0x0000000008013144        0x0 d:/quartus15/nios2eds/bin/gnu/h-x86_64-mingw32/bin/../lib/gcc/nios2-elf/4.9.1/../../../../../H-x86_64-mingw32/nios2-elf/lib\libc.a(lib_a-dtoa.o)
 .bss           0x0000000008013144        0x0 d:/quartus15/nios2eds/bin/gnu/h-x86_64-mingw32/bin/../lib/gcc/nios2-elf/4.9.1/../../../../../H-x86_64-mingw32/nios2-elf/lib\libc.a(lib_a-fflush.o)
 .bss           0x0000000008013144        0x0 d:/quartus15/nios2eds/bin/gnu/h-x86_64-mingw32/bin/../lib/gcc/nios2-elf/4.9.1/../../../../../H-x86_64-mingw32/nios2-elf/lib\libc.a(lib_a-findfp.o)
 .bss           0x0000000008013144        0x0 d:/quartus15/nios2eds/bin/gnu/h-x86_64-mingw32/bin/../lib/gcc/nios2-elf/4.9.1/../../../../../H-x86_64-mingw32/nios2-elf/lib\libc.a(lib_a-freer.o)
 .bss           0x0000000008013144        0x0 d:/quartus15/nios2eds/bin/gnu/h-x86_64-mingw32/bin/../lib/gcc/nios2-elf/4.9.1/../../../../../H-x86_64-mingw32/nios2-elf/lib\libc.a(lib_a-fvwrite.o)
 .bss           0x0000000008013144        0x0 d:/quartus15/nios2eds/bin/gnu/h-x86_64-mingw32/bin/../lib/gcc/nios2-elf/4.9.1/../../../../../H-x86_64-mingw32/nios2-elf/lib\libc.a(lib_a-fwalk.o)
 .bss           0x0000000008013144        0x0 d:/quartus15/nios2eds/bin/gnu/h-x86_64-mingw32/bin/../lib/gcc/nios2-elf/4.9.1/../../../../../H-x86_64-mingw32/nios2-elf/lib\libc.a(lib_a-impure.o)
 .bss           0x0000000008013144        0x0 d:/quartus15/nios2eds/bin/gnu/h-x86_64-mingw32/bin/../lib/gcc/nios2-elf/4.9.1/../../../../../H-x86_64-mingw32/nios2-elf/lib\libc.a(lib_a-locale.o)
 .bss           0x0000000008013144        0x0 d:/quartus15/nios2eds/bin/gnu/h-x86_64-mingw32/bin/../lib/gcc/nios2-elf/4.9.1/../../../../../H-x86_64-mingw32/nios2-elf/lib\libc.a(lib_a-makebuf.o)
 .bss           0x0000000008013144       0x28 d:/quartus15/nios2eds/bin/gnu/h-x86_64-mingw32/bin/../lib/gcc/nios2-elf/4.9.1/../../../../../H-x86_64-mingw32/nios2-elf/lib\libc.a(lib_a-mallocr.o)
                0x0000000008013144                __malloc_current_mallinfo
 .bss           0x000000000801316c        0x0 d:/quartus15/nios2eds/bin/gnu/h-x86_64-mingw32/bin/../lib/gcc/nios2-elf/4.9.1/../../../../../H-x86_64-mingw32/nios2-elf/lib\libc.a(lib_a-memchr.o)
 .bss           0x000000000801316c        0x0 d:/quartus15/nios2eds/bin/gnu/h-x86_64-mingw32/bin/../lib/gcc/nios2-elf/4.9.1/../../../../../H-x86_64-mingw32/nios2-elf/lib\libc.a(lib_a-memcpy.o)
 .bss           0x000000000801316c        0x0 d:/quartus15/nios2eds/bin/gnu/h-x86_64-mingw32/bin/../lib/gcc/nios2-elf/4.9.1/../../../../../H-x86_64-mingw32/nios2-elf/lib\libc.a(lib_a-memmove.o)
 .bss           0x000000000801316c        0x0 d:/quartus15/nios2eds/bin/gnu/h-x86_64-mingw32/bin/../lib/gcc/nios2-elf/4.9.1/../../../../../H-x86_64-mingw32/nios2-elf/lib\libc.a(lib_a-memset.o)
 .bss           0x000000000801316c        0x0 d:/quartus15/nios2eds/bin/gnu/h-x86_64-mingw32/bin/../lib/gcc/nios2-elf/4.9.1/../../../../../H-x86_64-mingw32/nios2-elf/lib\libc.a(lib_a-mprec.o)
 .bss           0x000000000801316c        0x0 d:/quartus15/nios2eds/bin/gnu/h-x86_64-mingw32/bin/../lib/gcc/nios2-elf/4.9.1/../../../../../H-x86_64-mingw32/nios2-elf/lib\libc.a(lib_a-reallocr.o)
 .bss           0x000000000801316c        0x0 d:/quartus15/nios2eds/bin/gnu/h-x86_64-mingw32/bin/../lib/gcc/nios2-elf/4.9.1/../../../../../H-x86_64-mingw32/nios2-elf/lib\libc.a(lib_a-s_fpclassify.o)
 .bss           0x000000000801316c        0x0 d:/quartus15/nios2eds/bin/gnu/h-x86_64-mingw32/bin/../lib/gcc/nios2-elf/4.9.1/../../../../../H-x86_64-mingw32/nios2-elf/lib\libc.a(lib_a-sbrkr.o)
 .bss           0x000000000801316c        0x0 d:/quartus15/nios2eds/bin/gnu/h-x86_64-mingw32/bin/../lib/gcc/nios2-elf/4.9.1/../../../../../H-x86_64-mingw32/nios2-elf/lib\libc.a(lib_a-stdio.o)
 .bss           0x000000000801316c        0x0 d:/quartus15/nios2eds/bin/gnu/h-x86_64-mingw32/bin/../lib/gcc/nios2-elf/4.9.1/../../../../../H-x86_64-mingw32/nios2-elf/lib\libc.a(lib_a-strcmp.o)
 .bss           0x000000000801316c        0x0 d:/quartus15/nios2eds/bin/gnu/h-x86_64-mingw32/bin/../lib/gcc/nios2-elf/4.9.1/../../../../../H-x86_64-mingw32/nios2-elf/lib\libc.a(lib_a-vfiprintf.o)
 .bss           0x000000000801316c        0x0 d:/quartus15/nios2eds/bin/gnu/h-x86_64-mingw32/bin/../lib/gcc/nios2-elf/4.9.1/../../../../../H-x86_64-mingw32/nios2-elf/lib\libc.a(lib_a-writer.o)
 .bss           0x000000000801316c        0x0 d:/quartus15/nios2eds/bin/gnu/h-x86_64-mingw32/bin/../lib/gcc/nios2-elf/4.9.1/../../../../../H-x86_64-mingw32/nios2-elf/lib\libc.a(closer.o)
 .bss           0x000000000801316c        0x0 d:/quartus15/nios2eds/bin/gnu/h-x86_64-mingw32/bin/../lib/gcc/nios2-elf/4.9.1/../../../../../H-x86_64-mingw32/nios2-elf/lib\libc.a(lib_a-callocr.o)
 .bss           0x000000000801316c        0x0 d:/quartus15/nios2eds/bin/gnu/h-x86_64-mingw32/bin/../lib/gcc/nios2-elf/4.9.1/../../../../../H-x86_64-mingw32/nios2-elf/lib\libc.a(lib_a-fclose.o)
 .bss           0x000000000801316c        0x0 d:/quartus15/nios2eds/bin/gnu/h-x86_64-mingw32/bin/../lib/gcc/nios2-elf/4.9.1/../../../../../H-x86_64-mingw32/nios2-elf/lib\libc.a(lib_a-fputwc.o)
 .bss           0x000000000801316c        0x0 d:/quartus15/nios2eds/bin/gnu/h-x86_64-mingw32/bin/../lib/gcc/nios2-elf/4.9.1/../../../../../H-x86_64-mingw32/nios2-elf/lib\libc.a(lib_a-fstatr.o)
 .bss           0x000000000801316c        0x0 d:/quartus15/nios2eds/bin/gnu/h-x86_64-mingw32/bin/../lib/gcc/nios2-elf/4.9.1/../../../../../H-x86_64-mingw32/nios2-elf/lib\libc.a(lib_a-int_errno.o)
 .bss           0x000000000801316c        0x0 d:/quartus15/nios2eds/bin/gnu/h-x86_64-mingw32/bin/../lib/gcc/nios2-elf/4.9.1/../../../../../H-x86_64-mingw32/nios2-elf/lib\libc.a(lib_a-isattyr.o)
 .bss           0x000000000801316c        0x0 d:/quartus15/nios2eds/bin/gnu/h-x86_64-mingw32/bin/../lib/gcc/nios2-elf/4.9.1/../../../../../H-x86_64-mingw32/nios2-elf/lib\libc.a(lib_a-lseekr.o)
 .bss           0x000000000801316c        0x0 d:/quartus15/nios2eds/bin/gnu/h-x86_64-mingw32/bin/../lib/gcc/nios2-elf/4.9.1/../../../../../H-x86_64-mingw32/nios2-elf/lib\libc.a(lib_a-readr.o)
 .bss           0x000000000801316c        0x0 d:/quartus15/nios2eds/bin/gnu/h-x86_64-mingw32/bin/../lib/gcc/nios2-elf/4.9.1/../../../../../H-x86_64-mingw32/nios2-elf/lib\libc.a(lib_a-wbuf.o)
 .bss           0x000000000801316c        0x0 d:/quartus15/nios2eds/bin/gnu/h-x86_64-mingw32/bin/../lib/gcc/nios2-elf/4.9.1/../../../../../H-x86_64-mingw32/nios2-elf/lib\libc.a(lib_a-wcrtomb.o)
 .bss           0x000000000801316c        0x0 d:/quartus15/nios2eds/bin/gnu/h-x86_64-mingw32/bin/../lib/gcc/nios2-elf/4.9.1/../../../../../H-x86_64-mingw32/nios2-elf/lib\libc.a(lib_a-wctomb_r.o)
 .bss           0x000000000801316c        0x0 d:/quartus15/nios2eds/bin/gnu/h-x86_64-mingw32/bin/../lib/gcc/nios2-elf/4.9.1\libgcc.a(_udivdi3.o)
 .bss           0x000000000801316c        0x0 d:/quartus15/nios2eds/bin/gnu/h-x86_64-mingw32/bin/../lib/gcc/nios2-elf/4.9.1\libgcc.a(_umoddi3.o)
 .bss           0x000000000801316c        0x0 d:/quartus15/nios2eds/bin/gnu/h-x86_64-mingw32/bin/../lib/gcc/nios2-elf/4.9.1\libgcc.a(lib2-divmod.o)
 .bss           0x000000000801316c        0x0 d:/quartus15/nios2eds/bin/gnu/h-x86_64-mingw32/bin/../lib/gcc/nios2-elf/4.9.1\libgcc.a(adddf3.o)
 .bss           0x000000000801316c        0x0 d:/quartus15/nios2eds/bin/gnu/h-x86_64-mingw32/bin/../lib/gcc/nios2-elf/4.9.1\libgcc.a(divdf3.o)
 .bss           0x000000000801316c        0x0 d:/quartus15/nios2eds/bin/gnu/h-x86_64-mingw32/bin/../lib/gcc/nios2-elf/4.9.1\libgcc.a(eqdf2.o)
 .bss           0x000000000801316c        0x0 d:/quartus15/nios2eds/bin/gnu/h-x86_64-mingw32/bin/../lib/gcc/nios2-elf/4.9.1\libgcc.a(gedf2.o)
 .bss           0x000000000801316c        0x0 d:/quartus15/nios2eds/bin/gnu/h-x86_64-mingw32/bin/../lib/gcc/nios2-elf/4.9.1\libgcc.a(ledf2.o)
 .bss           0x000000000801316c        0x0 d:/quartus15/nios2eds/bin/gnu/h-x86_64-mingw32/bin/../lib/gcc/nios2-elf/4.9.1\libgcc.a(muldf3.o)
 .bss           0x000000000801316c        0x0 d:/quartus15/nios2eds/bin/gnu/h-x86_64-mingw32/bin/../lib/gcc/nios2-elf/4.9.1\libgcc.a(subdf3.o)
 .bss           0x000000000801316c        0x0 d:/quartus15/nios2eds/bin/gnu/h-x86_64-mingw32/bin/../lib/gcc/nios2-elf/4.9.1\libgcc.a(fixdfsi.o)
 .bss           0x000000000801316c        0x0 d:/quartus15/nios2eds/bin/gnu/h-x86_64-mingw32/bin/../lib/gcc/nios2-elf/4.9.1\libgcc.a(floatsidf.o)
 .bss           0x000000000801316c        0x0 d:/quartus15/nios2eds/bin/gnu/h-x86_64-mingw32/bin/../lib/gcc/nios2-elf/4.9.1\libgcc.a(floatunsidf.o)
 .bss           0x000000000801316c        0x0 d:/quartus15/nios2eds/bin/gnu/h-x86_64-mingw32/bin/../lib/gcc/nios2-elf/4.9.1\libgcc.a(_clz.o)
 .bss           0x000000000801316c        0x0 d:/quartus15/nios2eds/bin/gnu/h-x86_64-mingw32/bin/../lib/gcc/nios2-elf/4.9.1\libgcc.a(_clzsi2.o)
 .bss           0x000000000801316c        0x0 ../cpen391project_bsp/\libhal_bsp.a(alt_close.o)
 .bss           0x000000000801316c        0x0 ../cpen391project_bsp/\libhal_bsp.a(alt_dev.o)
 .bss           0x000000000801316c        0x0 ../cpen391project_bsp/\libhal_bsp.a(alt_errno.o)
 .bss           0x000000000801316c        0x0 ../cpen391project_bsp/\libhal_bsp.a(alt_fstat.o)
 .bss           0x000000000801316c        0x0 ../cpen391project_bsp/\libhal_bsp.a(alt_isatty.o)
 .bss           0x000000000801316c        0x0 ../cpen391project_bsp/\libhal_bsp.a(alt_load.o)
 .bss           0x000000000801316c        0x0 ../cpen391project_bsp/\libhal_bsp.a(alt_lseek.o)
 .bss           0x000000000801316c        0x0 ../cpen391project_bsp/\libhal_bsp.a(alt_main.o)
 .bss           0x000000000801316c        0x0 ../cpen391project_bsp/\libhal_bsp.a(alt_malloc_lock.o)
 .bss           0x000000000801316c        0x0 ../cpen391project_bsp/\libhal_bsp.a(alt_read.o)
 .bss           0x000000000801316c        0x0 ../cpen391project_bsp/\libhal_bsp.a(alt_release_fd.o)
 .bss           0x000000000801316c        0x0 ../cpen391project_bsp/\libhal_bsp.a(alt_sbrk.o)
 .bss           0x000000000801316c        0x0 ../cpen391project_bsp/\libhal_bsp.a(alt_write.o)
 .bss           0x000000000801316c        0x0 ../cpen391project_bsp/\libhal_bsp.a(alt_sys_init.o)
 .bss           0x000000000801316c        0x0 ../cpen391project_bsp/\libhal_bsp.a(altera_avalon_jtag_uart_fd.o)
 .bss           0x000000000801316c        0x0 ../cpen391project_bsp/\libhal_bsp.a(altera_avalon_jtag_uart_init.o)
 .bss           0x000000000801316c        0x0 ../cpen391project_bsp/\libhal_bsp.a(altera_avalon_jtag_uart_ioctl.o)
 .bss           0x000000000801316c        0x0 ../cpen391project_bsp/\libhal_bsp.a(altera_avalon_jtag_uart_read.o)
 .bss           0x000000000801316c        0x0 ../cpen391project_bsp/\libhal_bsp.a(altera_avalon_jtag_uart_write.o)
 .bss           0x000000000801316c        0x0 ../cpen391project_bsp/\libhal_bsp.a(altera_avalon_timer_sc.o)
 .bss           0x000000000801316c        0x0 ../cpen391project_bsp/\libhal_bsp.a(altera_up_avalon_character_lcd.o)
 .bss           0x000000000801316c        0x0 ../cpen391project_bsp/\libhal_bsp.a(alt_alarm_start.o)
 .bss           0x000000000801316c        0x0 ../cpen391project_bsp/\libhal_bsp.a(alt_dcache_flush_all.o)
 .bss           0x000000000801316c        0x0 ../cpen391project_bsp/\libhal_bsp.a(alt_dev_llist_insert.o)
 .bss           0x000000000801316c        0x0 ../cpen391project_bsp/\libhal_bsp.a(alt_do_ctors.o)
 .bss           0x000000000801316c        0x0 ../cpen391project_bsp/\libhal_bsp.a(alt_do_dtors.o)
 .bss           0x000000000801316c        0x0 ../cpen391project_bsp/\libhal_bsp.a(alt_find_dev.o)
 .bss           0x000000000801316c        0x0 ../cpen391project_bsp/\libhal_bsp.a(alt_icache_flush_all.o)
 .bss           0x000000000801316c        0x0 ../cpen391project_bsp/\libhal_bsp.a(alt_iic.o)
 .bss           0x000000000801316c        0x0 ../cpen391project_bsp/\libhal_bsp.a(alt_iic_isr_register.o)
 .bss           0x000000000801316c        0x0 ../cpen391project_bsp/\libhal_bsp.a(alt_io_redirect.o)
 .bss           0x000000000801316c        0x0 ../cpen391project_bsp/\libhal_bsp.a(alt_irq_entry.o)
 .bss           0x000000000801316c        0x0 ../cpen391project_bsp/\libhal_bsp.a(alt_irq_handler.o)
 .bss           0x000000000801316c        0x0 ../cpen391project_bsp/\libhal_bsp.a(alt_irq_vars.o)
 .bss           0x000000000801316c        0x0 ../cpen391project_bsp/\libhal_bsp.a(alt_open.o)
 .bss           0x000000000801316c        0x0 ../cpen391project_bsp/\libhal_bsp.a(alt_tick.o)
 .bss           0x000000000801316c        0x0 ../cpen391project_bsp/\libhal_bsp.a(altera_nios2_qsys_irq.o)
 .bss           0x000000000801316c        0x0 ../cpen391project_bsp/\libhal_bsp.a(alt_exception_entry.o)
 .bss           0x000000000801316c        0x0 ../cpen391project_bsp/\libhal_bsp.a(alt_find_file.o)
 .bss           0x000000000801316c        0x0 ../cpen391project_bsp/\libhal_bsp.a(alt_get_fd.o)
 .bss           0x000000000801316c        0x0 ../cpen391project_bsp/\libhal_bsp.a(alt_icache_flush.o)
 .bss           0x000000000801316c        0x0 d:/quartus15/nios2eds/bin/gnu/h-x86_64-mingw32/bin/../lib/gcc/nios2-elf/4.9.1/../../../../../H-x86_64-mingw32/nios2-elf/lib\libc.a(lib_a-atexit.o)
 .bss           0x000000000801316c        0x0 d:/quartus15/nios2eds/bin/gnu/h-x86_64-mingw32/bin/../lib/gcc/nios2-elf/4.9.1/../../../../../H-x86_64-mingw32/nios2-elf/lib\libc.a(lib_a-exit.o)
 .bss           0x000000000801316c        0x0 d:/quartus15/nios2eds/bin/gnu/h-x86_64-mingw32/bin/../lib/gcc/nios2-elf/4.9.1/../../../../../H-x86_64-mingw32/nios2-elf/lib\libc.a(lib_a-memcmp.o)
 .bss           0x000000000801316c        0x0 d:/quartus15/nios2eds/bin/gnu/h-x86_64-mingw32/bin/../lib/gcc/nios2-elf/4.9.1/../../../../../H-x86_64-mingw32/nios2-elf/lib\libc.a(lib_a-__atexit.o)
 .bss           0x000000000801316c        0x0 d:/quartus15/nios2eds/bin/gnu/h-x86_64-mingw32/bin/../lib/gcc/nios2-elf/4.9.1/../../../../../H-x86_64-mingw32/nios2-elf/lib\libc.a(lib_a-__call_atexit.o)
 .bss           0x000000000801316c        0x0 ../cpen391project_bsp/\libhal_bsp.a(alt_exit.o)
 *(COMMON)
 COMMON         0x000000000801316c      0x100 ../cpen391project_bsp/\libhal_bsp.a(alt_irq_handler.o)
                0x000000000801316c                alt_irq
                0x000000000801326c                . = ALIGN (0x4)
                0x000000000801326c                __bss_end = ABSOLUTE (.)

.sdram          0x000000000801326c        0x0
                0x000000000801326c                PROVIDE (_alt_partition_sdram_start, ABSOLUTE (.))
 *(.sdram .sdram. sdram.*)
                0x000000000801326c                . = ALIGN (0x4)
                0x000000000801326c                PROVIDE (_alt_partition_sdram_end, ABSOLUTE (.))
                0x000000000801326c                _end = ABSOLUTE (.)
                0x000000000801326c                end = ABSOLUTE (.)
                0x000000000801326c                __alt_stack_base = ABSOLUTE (.)
                0x000000000801326c                PROVIDE (_alt_partition_sdram_load_addr, LOADADDR (.sdram))

.stab
 *(.stab)

.stabstr
 *(.stabstr)

.stab.excl
 *(.stab.excl)

.stab.exclstr
 *(.stab.exclstr)

.stab.index
 *(.stab.index)

.stab.indexstr
 *(.stab.indexstr)

.comment        0x0000000000000000       0x23
 *(.comment)
 .comment       0x0000000000000000       0x23 obj/default/cpen391project.o
                                         0x24 (size before relaxing)
 .comment       0x0000000000000000       0x24 d:/quartus15/nios2eds/bin/gnu/h-x86_64-mingw32/bin/../lib/gcc/nios2-elf/4.9.1/../../../../../H-x86_64-mingw32/nios2-elf/lib\libc.a(lib_a-printf.o)
 .comment       0x0000000000000000       0x24 d:/quartus15/nios2eds/bin/gnu/h-x86_64-mingw32/bin/../lib/gcc/nios2-elf/4.9.1/../../../../../H-x86_64-mingw32/nios2-elf/lib\libc.a(lib_a-puts.o)
 .comment       0x0000000000000000       0x24 d:/quartus15/nios2eds/bin/gnu/h-x86_64-mingw32/bin/../lib/gcc/nios2-elf/4.9.1/../../../../../H-x86_64-mingw32/nios2-elf/lib\libc.a(lib_a-strlen.o)
 .comment       0x0000000000000000       0x24 d:/quartus15/nios2eds/bin/gnu/h-x86_64-mingw32/bin/../lib/gcc/nios2-elf/4.9.1/../../../../../H-x86_64-mingw32/nios2-elf/lib\libc.a(lib_a-vfprintf.o)
 .comment       0x0000000000000000       0x24 d:/quartus15/nios2eds/bin/gnu/h-x86_64-mingw32/bin/../lib/gcc/nios2-elf/4.9.1/../../../../../H-x86_64-mingw32/nios2-elf/lib\libc.a(lib_a-wsetup.o)
 .comment       0x0000000000000000       0x24 d:/quartus15/nios2eds/bin/gnu/h-x86_64-mingw32/bin/../lib/gcc/nios2-elf/4.9.1/../../../../../H-x86_64-mingw32/nios2-elf/lib\libc.a(lib_a-dtoa.o)
 .comment       0x0000000000000000       0x24 d:/quartus15/nios2eds/bin/gnu/h-x86_64-mingw32/bin/../lib/gcc/nios2-elf/4.9.1/../../../../../H-x86_64-mingw32/nios2-elf/lib\libc.a(lib_a-fflush.o)
 .comment       0x0000000000000000       0x24 d:/quartus15/nios2eds/bin/gnu/h-x86_64-mingw32/bin/../lib/gcc/nios2-elf/4.9.1/../../../../../H-x86_64-mingw32/nios2-elf/lib\libc.a(lib_a-findfp.o)
 .comment       0x0000000000000000       0x24 d:/quartus15/nios2eds/bin/gnu/h-x86_64-mingw32/bin/../lib/gcc/nios2-elf/4.9.1/../../../../../H-x86_64-mingw32/nios2-elf/lib\libc.a(lib_a-freer.o)
 .comment       0x0000000000000000       0x24 d:/quartus15/nios2eds/bin/gnu/h-x86_64-mingw32/bin/../lib/gcc/nios2-elf/4.9.1/../../../../../H-x86_64-mingw32/nios2-elf/lib\libc.a(lib_a-fvwrite.o)
 .comment       0x0000000000000000       0x24 d:/quartus15/nios2eds/bin/gnu/h-x86_64-mingw32/bin/../lib/gcc/nios2-elf/4.9.1/../../../../../H-x86_64-mingw32/nios2-elf/lib\libc.a(lib_a-fwalk.o)
 .comment       0x0000000000000000       0x24 d:/quartus15/nios2eds/bin/gnu/h-x86_64-mingw32/bin/../lib/gcc/nios2-elf/4.9.1/../../../../../H-x86_64-mingw32/nios2-elf/lib\libc.a(lib_a-impure.o)
 .comment       0x0000000000000000       0x24 d:/quartus15/nios2eds/bin/gnu/h-x86_64-mingw32/bin/../lib/gcc/nios2-elf/4.9.1/../../../../../H-x86_64-mingw32/nios2-elf/lib\libc.a(lib_a-locale.o)
 .comment       0x0000000000000000       0x24 d:/quartus15/nios2eds/bin/gnu/h-x86_64-mingw32/bin/../lib/gcc/nios2-elf/4.9.1/../../../../../H-x86_64-mingw32/nios2-elf/lib\libc.a(lib_a-makebuf.o)
 .comment       0x0000000000000000       0x24 d:/quartus15/nios2eds/bin/gnu/h-x86_64-mingw32/bin/../lib/gcc/nios2-elf/4.9.1/../../../../../H-x86_64-mingw32/nios2-elf/lib\libc.a(lib_a-mallocr.o)
 .comment       0x0000000000000000       0x24 d:/quartus15/nios2eds/bin/gnu/h-x86_64-mingw32/bin/../lib/gcc/nios2-elf/4.9.1/../../../../../H-x86_64-mingw32/nios2-elf/lib\libc.a(lib_a-memchr.o)
 .comment       0x0000000000000000       0x24 d:/quartus15/nios2eds/bin/gnu/h-x86_64-mingw32/bin/../lib/gcc/nios2-elf/4.9.1/../../../../../H-x86_64-mingw32/nios2-elf/lib\libc.a(lib_a-memcpy.o)
 .comment       0x0000000000000000       0x24 d:/quartus15/nios2eds/bin/gnu/h-x86_64-mingw32/bin/../lib/gcc/nios2-elf/4.9.1/../../../../../H-x86_64-mingw32/nios2-elf/lib\libc.a(lib_a-memmove.o)
 .comment       0x0000000000000000       0x24 d:/quartus15/nios2eds/bin/gnu/h-x86_64-mingw32/bin/../lib/gcc/nios2-elf/4.9.1/../../../../../H-x86_64-mingw32/nios2-elf/lib\libc.a(lib_a-memset.o)
 .comment       0x0000000000000000       0x24 d:/quartus15/nios2eds/bin/gnu/h-x86_64-mingw32/bin/../lib/gcc/nios2-elf/4.9.1/../../../../../H-x86_64-mingw32/nios2-elf/lib\libc.a(lib_a-mprec.o)
 .comment       0x0000000000000000       0x24 d:/quartus15/nios2eds/bin/gnu/h-x86_64-mingw32/bin/../lib/gcc/nios2-elf/4.9.1/../../../../../H-x86_64-mingw32/nios2-elf/lib\libc.a(lib_a-reallocr.o)
 .comment       0x0000000000000000       0x24 d:/quartus15/nios2eds/bin/gnu/h-x86_64-mingw32/bin/../lib/gcc/nios2-elf/4.9.1/../../../../../H-x86_64-mingw32/nios2-elf/lib\libc.a(lib_a-s_fpclassify.o)
 .comment       0x0000000000000000       0x24 d:/quartus15/nios2eds/bin/gnu/h-x86_64-mingw32/bin/../lib/gcc/nios2-elf/4.9.1/../../../../../H-x86_64-mingw32/nios2-elf/lib\libc.a(lib_a-sbrkr.o)
 .comment       0x0000000000000000       0x24 d:/quartus15/nios2eds/bin/gnu/h-x86_64-mingw32/bin/../lib/gcc/nios2-elf/4.9.1/../../../../../H-x86_64-mingw32/nios2-elf/lib\libc.a(lib_a-stdio.o)
 .comment       0x0000000000000000       0x24 d:/quartus15/nios2eds/bin/gnu/h-x86_64-mingw32/bin/../lib/gcc/nios2-elf/4.9.1/../../../../../H-x86_64-mingw32/nios2-elf/lib\libc.a(lib_a-strcmp.o)
 .comment       0x0000000000000000       0x24 d:/quartus15/nios2eds/bin/gnu/h-x86_64-mingw32/bin/../lib/gcc/nios2-elf/4.9.1/../../../../../H-x86_64-mingw32/nios2-elf/lib\libc.a(lib_a-vfiprintf.o)
 .comment       0x0000000000000000       0x24 d:/quartus15/nios2eds/bin/gnu/h-x86_64-mingw32/bin/../lib/gcc/nios2-elf/4.9.1/../../../../../H-x86_64-mingw32/nios2-elf/lib\libc.a(lib_a-writer.o)
 .comment       0x0000000000000000       0x24 d:/quartus15/nios2eds/bin/gnu/h-x86_64-mingw32/bin/../lib/gcc/nios2-elf/4.9.1/../../../../../H-x86_64-mingw32/nios2-elf/lib\libc.a(closer.o)
 .comment       0x0000000000000000       0x24 d:/quartus15/nios2eds/bin/gnu/h-x86_64-mingw32/bin/../lib/gcc/nios2-elf/4.9.1/../../../../../H-x86_64-mingw32/nios2-elf/lib\libc.a(lib_a-callocr.o)
 .comment       0x0000000000000000       0x24 d:/quartus15/nios2eds/bin/gnu/h-x86_64-mingw32/bin/../lib/gcc/nios2-elf/4.9.1/../../../../../H-x86_64-mingw32/nios2-elf/lib\libc.a(lib_a-fclose.o)
 .comment       0x0000000000000000       0x24 d:/quartus15/nios2eds/bin/gnu/h-x86_64-mingw32/bin/../lib/gcc/nios2-elf/4.9.1/../../../../../H-x86_64-mingw32/nios2-elf/lib\libc.a(lib_a-fputwc.o)
 .comment       0x0000000000000000       0x24 d:/quartus15/nios2eds/bin/gnu/h-x86_64-mingw32/bin/../lib/gcc/nios2-elf/4.9.1/../../../../../H-x86_64-mingw32/nios2-elf/lib\libc.a(lib_a-fstatr.o)
 .comment       0x0000000000000000       0x24 d:/quartus15/nios2eds/bin/gnu/h-x86_64-mingw32/bin/../lib/gcc/nios2-elf/4.9.1/../../../../../H-x86_64-mingw32/nios2-elf/lib\libc.a(lib_a-int_errno.o)
 .comment       0x0000000000000000       0x24 d:/quartus15/nios2eds/bin/gnu/h-x86_64-mingw32/bin/../lib/gcc/nios2-elf/4.9.1/../../../../../H-x86_64-mingw32/nios2-elf/lib\libc.a(lib_a-isattyr.o)
 .comment       0x0000000000000000       0x24 d:/quartus15/nios2eds/bin/gnu/h-x86_64-mingw32/bin/../lib/gcc/nios2-elf/4.9.1/../../../../../H-x86_64-mingw32/nios2-elf/lib\libc.a(lib_a-lseekr.o)
 .comment       0x0000000000000000       0x24 d:/quartus15/nios2eds/bin/gnu/h-x86_64-mingw32/bin/../lib/gcc/nios2-elf/4.9.1/../../../../../H-x86_64-mingw32/nios2-elf/lib\libc.a(lib_a-readr.o)
 .comment       0x0000000000000000       0x24 d:/quartus15/nios2eds/bin/gnu/h-x86_64-mingw32/bin/../lib/gcc/nios2-elf/4.9.1/../../../../../H-x86_64-mingw32/nios2-elf/lib\libc.a(lib_a-wbuf.o)
 .comment       0x0000000000000000       0x24 d:/quartus15/nios2eds/bin/gnu/h-x86_64-mingw32/bin/../lib/gcc/nios2-elf/4.9.1/../../../../../H-x86_64-mingw32/nios2-elf/lib\libc.a(lib_a-wcrtomb.o)
 .comment       0x0000000000000000       0x24 d:/quartus15/nios2eds/bin/gnu/h-x86_64-mingw32/bin/../lib/gcc/nios2-elf/4.9.1/../../../../../H-x86_64-mingw32/nios2-elf/lib\libc.a(lib_a-wctomb_r.o)
 .comment       0x0000000000000000       0x24 d:/quartus15/nios2eds/bin/gnu/h-x86_64-mingw32/bin/../lib/gcc/nios2-elf/4.9.1\libgcc.a(_udivdi3.o)
 .comment       0x0000000000000000       0x24 d:/quartus15/nios2eds/bin/gnu/h-x86_64-mingw32/bin/../lib/gcc/nios2-elf/4.9.1\libgcc.a(_umoddi3.o)
 .comment       0x0000000000000000       0x24 d:/quartus15/nios2eds/bin/gnu/h-x86_64-mingw32/bin/../lib/gcc/nios2-elf/4.9.1\libgcc.a(lib2-divmod.o)
 .comment       0x0000000000000000       0x24 d:/quartus15/nios2eds/bin/gnu/h-x86_64-mingw32/bin/../lib/gcc/nios2-elf/4.9.1\libgcc.a(adddf3.o)
 .comment       0x0000000000000000       0x24 d:/quartus15/nios2eds/bin/gnu/h-x86_64-mingw32/bin/../lib/gcc/nios2-elf/4.9.1\libgcc.a(divdf3.o)
 .comment       0x0000000000000000       0x24 d:/quartus15/nios2eds/bin/gnu/h-x86_64-mingw32/bin/../lib/gcc/nios2-elf/4.9.1\libgcc.a(eqdf2.o)
 .comment       0x0000000000000000       0x24 d:/quartus15/nios2eds/bin/gnu/h-x86_64-mingw32/bin/../lib/gcc/nios2-elf/4.9.1\libgcc.a(gedf2.o)
 .comment       0x0000000000000000       0x24 d:/quartus15/nios2eds/bin/gnu/h-x86_64-mingw32/bin/../lib/gcc/nios2-elf/4.9.1\libgcc.a(ledf2.o)
 .comment       0x0000000000000000       0x24 d:/quartus15/nios2eds/bin/gnu/h-x86_64-mingw32/bin/../lib/gcc/nios2-elf/4.9.1\libgcc.a(muldf3.o)
 .comment       0x0000000000000000       0x24 d:/quartus15/nios2eds/bin/gnu/h-x86_64-mingw32/bin/../lib/gcc/nios2-elf/4.9.1\libgcc.a(subdf3.o)
 .comment       0x0000000000000000       0x24 d:/quartus15/nios2eds/bin/gnu/h-x86_64-mingw32/bin/../lib/gcc/nios2-elf/4.9.1\libgcc.a(fixdfsi.o)
 .comment       0x0000000000000000       0x24 d:/quartus15/nios2eds/bin/gnu/h-x86_64-mingw32/bin/../lib/gcc/nios2-elf/4.9.1\libgcc.a(floatsidf.o)
 .comment       0x0000000000000000       0x24 d:/quartus15/nios2eds/bin/gnu/h-x86_64-mingw32/bin/../lib/gcc/nios2-elf/4.9.1\libgcc.a(floatunsidf.o)
 .comment       0x0000000000000000       0x24 d:/quartus15/nios2eds/bin/gnu/h-x86_64-mingw32/bin/../lib/gcc/nios2-elf/4.9.1\libgcc.a(_clz.o)
 .comment       0x0000000000000000       0x24 d:/quartus15/nios2eds/bin/gnu/h-x86_64-mingw32/bin/../lib/gcc/nios2-elf/4.9.1\libgcc.a(_clzsi2.o)
 .comment       0x0000000000000000       0x24 ../cpen391project_bsp/\libhal_bsp.a(alt_close.o)
 .comment       0x0000000000000000       0x24 ../cpen391project_bsp/\libhal_bsp.a(alt_dev.o)
 .comment       0x0000000000000000       0x24 ../cpen391project_bsp/\libhal_bsp.a(alt_errno.o)
 .comment       0x0000000000000000       0x24 ../cpen391project_bsp/\libhal_bsp.a(alt_fstat.o)
 .comment       0x0000000000000000       0x24 ../cpen391project_bsp/\libhal_bsp.a(alt_isatty.o)
 .comment       0x0000000000000000       0x24 ../cpen391project_bsp/\libhal_bsp.a(alt_load.o)
 .comment       0x0000000000000000       0x24 ../cpen391project_bsp/\libhal_bsp.a(alt_lseek.o)
 .comment       0x0000000000000000       0x24 ../cpen391project_bsp/\libhal_bsp.a(alt_main.o)
 .comment       0x0000000000000000       0x24 ../cpen391project_bsp/\libhal_bsp.a(alt_malloc_lock.o)
 .comment       0x0000000000000000       0x24 ../cpen391project_bsp/\libhal_bsp.a(alt_read.o)
 .comment       0x0000000000000000       0x24 ../cpen391project_bsp/\libhal_bsp.a(alt_release_fd.o)
 .comment       0x0000000000000000       0x24 ../cpen391project_bsp/\libhal_bsp.a(alt_sbrk.o)
 .comment       0x0000000000000000       0x24 ../cpen391project_bsp/\libhal_bsp.a(alt_write.o)
 .comment       0x0000000000000000       0x24 ../cpen391project_bsp/\libhal_bsp.a(alt_sys_init.o)
 .comment       0x0000000000000000       0x24 ../cpen391project_bsp/\libhal_bsp.a(altera_avalon_jtag_uart_fd.o)
 .comment       0x0000000000000000       0x24 ../cpen391project_bsp/\libhal_bsp.a(altera_avalon_jtag_uart_init.o)
 .comment       0x0000000000000000       0x24 ../cpen391project_bsp/\libhal_bsp.a(altera_avalon_jtag_uart_ioctl.o)
 .comment       0x0000000000000000       0x24 ../cpen391project_bsp/\libhal_bsp.a(altera_avalon_jtag_uart_read.o)
 .comment       0x0000000000000000       0x24 ../cpen391project_bsp/\libhal_bsp.a(altera_avalon_jtag_uart_write.o)
 .comment       0x0000000000000000       0x24 ../cpen391project_bsp/\libhal_bsp.a(altera_avalon_timer_sc.o)
 .comment       0x0000000000000000       0x24 ../cpen391project_bsp/\libhal_bsp.a(altera_up_avalon_character_lcd.o)
 .comment       0x0000000000000000       0x24 ../cpen391project_bsp/\libhal_bsp.a(alt_alarm_start.o)
 .comment       0x0000000000000000       0x24 ../cpen391project_bsp/\libhal_bsp.a(alt_dcache_flush_all.o)
 .comment       0x0000000000000000       0x24 ../cpen391project_bsp/\libhal_bsp.a(alt_dev_llist_insert.o)
 .comment       0x0000000000000000       0x24 ../cpen391project_bsp/\libhal_bsp.a(alt_do_ctors.o)
 .comment       0x0000000000000000       0x24 ../cpen391project_bsp/\libhal_bsp.a(alt_do_dtors.o)
 .comment       0x0000000000000000       0x24 ../cpen391project_bsp/\libhal_bsp.a(alt_find_dev.o)
 .comment       0x0000000000000000       0x24 ../cpen391project_bsp/\libhal_bsp.a(alt_icache_flush_all.o)
 .comment       0x0000000000000000       0x24 ../cpen391project_bsp/\libhal_bsp.a(alt_iic.o)
 .comment       0x0000000000000000       0x24 ../cpen391project_bsp/\libhal_bsp.a(alt_iic_isr_register.o)
 .comment       0x0000000000000000       0x24 ../cpen391project_bsp/\libhal_bsp.a(alt_io_redirect.o)
 .comment       0x0000000000000000       0x24 ../cpen391project_bsp/\libhal_bsp.a(alt_irq_handler.o)
 .comment       0x0000000000000000       0x24 ../cpen391project_bsp/\libhal_bsp.a(alt_irq_vars.o)
 .comment       0x0000000000000000       0x24 ../cpen391project_bsp/\libhal_bsp.a(alt_open.o)
 .comment       0x0000000000000000       0x24 ../cpen391project_bsp/\libhal_bsp.a(alt_tick.o)
 .comment       0x0000000000000000       0x24 ../cpen391project_bsp/\libhal_bsp.a(altera_nios2_qsys_irq.o)
 .comment       0x0000000000000000       0x24 ../cpen391project_bsp/\libhal_bsp.a(alt_find_file.o)
 .comment       0x0000000000000000       0x24 ../cpen391project_bsp/\libhal_bsp.a(alt_get_fd.o)
 .comment       0x0000000000000000       0x24 ../cpen391project_bsp/\libhal_bsp.a(alt_icache_flush.o)
 .comment       0x0000000000000000       0x24 d:/quartus15/nios2eds/bin/gnu/h-x86_64-mingw32/bin/../lib/gcc/nios2-elf/4.9.1/../../../../../H-x86_64-mingw32/nios2-elf/lib\libc.a(lib_a-atexit.o)
 .comment       0x0000000000000000       0x24 d:/quartus15/nios2eds/bin/gnu/h-x86_64-mingw32/bin/../lib/gcc/nios2-elf/4.9.1/../../../../../H-x86_64-mingw32/nios2-elf/lib\libc.a(lib_a-exit.o)
 .comment       0x0000000000000000       0x24 d:/quartus15/nios2eds/bin/gnu/h-x86_64-mingw32/bin/../lib/gcc/nios2-elf/4.9.1/../../../../../H-x86_64-mingw32/nios2-elf/lib\libc.a(lib_a-memcmp.o)
 .comment       0x0000000000000000       0x24 d:/quartus15/nios2eds/bin/gnu/h-x86_64-mingw32/bin/../lib/gcc/nios2-elf/4.9.1/../../../../../H-x86_64-mingw32/nios2-elf/lib\libc.a(lib_a-__atexit.o)
 .comment       0x0000000000000000       0x24 d:/quartus15/nios2eds/bin/gnu/h-x86_64-mingw32/bin/../lib/gcc/nios2-elf/4.9.1/../../../../../H-x86_64-mingw32/nios2-elf/lib\libc.a(lib_a-__call_atexit.o)
 .comment       0x0000000000000000       0x24 ../cpen391project_bsp/\libhal_bsp.a(alt_exit.o)

.debug
 *(.debug)

.line
 *(.line)

.debug_srcinfo
 *(.debug_srcinfo)

.debug_sfnames
 *(.debug_sfnames)

.debug_aranges  0x0000000000000000      0xce8
 *(.debug_aranges)
 .debug_aranges
                0x0000000000000000       0x28 ../cpen391project_bsp//obj/HAL/src/crt0.o
 .debug_aranges
                0x0000000000000028       0x20 obj/default/cpen391project.o
 .debug_aranges
                0x0000000000000048       0x20 d:/quartus15/nios2eds/bin/gnu/h-x86_64-mingw32/bin/../lib/gcc/nios2-elf/4.9.1/../../../../../H-x86_64-mingw32/nios2-elf/lib\libc.a(lib_a-printf.o)
 .debug_aranges
                0x0000000000000068       0x20 d:/quartus15/nios2eds/bin/gnu/h-x86_64-mingw32/bin/../lib/gcc/nios2-elf/4.9.1/../../../../../H-x86_64-mingw32/nios2-elf/lib\libc.a(lib_a-puts.o)
 .debug_aranges
                0x0000000000000088       0x20 d:/quartus15/nios2eds/bin/gnu/h-x86_64-mingw32/bin/../lib/gcc/nios2-elf/4.9.1/../../../../../H-x86_64-mingw32/nios2-elf/lib\libc.a(lib_a-strlen.o)
 .debug_aranges
                0x00000000000000a8       0x20 d:/quartus15/nios2eds/bin/gnu/h-x86_64-mingw32/bin/../lib/gcc/nios2-elf/4.9.1/../../../../../H-x86_64-mingw32/nios2-elf/lib\libc.a(lib_a-vfprintf.o)
 .debug_aranges
                0x00000000000000c8       0x20 d:/quartus15/nios2eds/bin/gnu/h-x86_64-mingw32/bin/../lib/gcc/nios2-elf/4.9.1/../../../../../H-x86_64-mingw32/nios2-elf/lib\libc.a(lib_a-wsetup.o)
 .debug_aranges
                0x00000000000000e8       0x20 d:/quartus15/nios2eds/bin/gnu/h-x86_64-mingw32/bin/../lib/gcc/nios2-elf/4.9.1/../../../../../H-x86_64-mingw32/nios2-elf/lib\libc.a(lib_a-dtoa.o)
 .debug_aranges
                0x0000000000000108       0x20 d:/quartus15/nios2eds/bin/gnu/h-x86_64-mingw32/bin/../lib/gcc/nios2-elf/4.9.1/../../../../../H-x86_64-mingw32/nios2-elf/lib\libc.a(lib_a-fflush.o)
 .debug_aranges
                0x0000000000000128       0x20 d:/quartus15/nios2eds/bin/gnu/h-x86_64-mingw32/bin/../lib/gcc/nios2-elf/4.9.1/../../../../../H-x86_64-mingw32/nios2-elf/lib\libc.a(lib_a-findfp.o)
 .debug_aranges
                0x0000000000000148       0x20 d:/quartus15/nios2eds/bin/gnu/h-x86_64-mingw32/bin/../lib/gcc/nios2-elf/4.9.1/../../../../../H-x86_64-mingw32/nios2-elf/lib\libc.a(lib_a-freer.o)
 .debug_aranges
                0x0000000000000168       0x20 d:/quartus15/nios2eds/bin/gnu/h-x86_64-mingw32/bin/../lib/gcc/nios2-elf/4.9.1/../../../../../H-x86_64-mingw32/nios2-elf/lib\libc.a(lib_a-fvwrite.o)
 .debug_aranges
                0x0000000000000188       0x20 d:/quartus15/nios2eds/bin/gnu/h-x86_64-mingw32/bin/../lib/gcc/nios2-elf/4.9.1/../../../../../H-x86_64-mingw32/nios2-elf/lib\libc.a(lib_a-fwalk.o)
 .debug_aranges
                0x00000000000001a8       0x18 d:/quartus15/nios2eds/bin/gnu/h-x86_64-mingw32/bin/../lib/gcc/nios2-elf/4.9.1/../../../../../H-x86_64-mingw32/nios2-elf/lib\libc.a(lib_a-impure.o)
 .debug_aranges
                0x00000000000001c0       0x20 d:/quartus15/nios2eds/bin/gnu/h-x86_64-mingw32/bin/../lib/gcc/nios2-elf/4.9.1/../../../../../H-x86_64-mingw32/nios2-elf/lib\libc.a(lib_a-locale.o)
 .debug_aranges
                0x00000000000001e0       0x20 d:/quartus15/nios2eds/bin/gnu/h-x86_64-mingw32/bin/../lib/gcc/nios2-elf/4.9.1/../../../../../H-x86_64-mingw32/nios2-elf/lib\libc.a(lib_a-makebuf.o)
 .debug_aranges
                0x0000000000000200       0x20 d:/quartus15/nios2eds/bin/gnu/h-x86_64-mingw32/bin/../lib/gcc/nios2-elf/4.9.1/../../../../../H-x86_64-mingw32/nios2-elf/lib\libc.a(lib_a-mallocr.o)
 .debug_aranges
                0x0000000000000220       0x20 d:/quartus15/nios2eds/bin/gnu/h-x86_64-mingw32/bin/../lib/gcc/nios2-elf/4.9.1/../../../../../H-x86_64-mingw32/nios2-elf/lib\libc.a(lib_a-memchr.o)
 .debug_aranges
                0x0000000000000240       0x20 d:/quartus15/nios2eds/bin/gnu/h-x86_64-mingw32/bin/../lib/gcc/nios2-elf/4.9.1/../../../../../H-x86_64-mingw32/nios2-elf/lib\libc.a(lib_a-memcpy.o)
 .debug_aranges
                0x0000000000000260       0x20 d:/quartus15/nios2eds/bin/gnu/h-x86_64-mingw32/bin/../lib/gcc/nios2-elf/4.9.1/../../../../../H-x86_64-mingw32/nios2-elf/lib\libc.a(lib_a-memmove.o)
 .debug_aranges
                0x0000000000000280       0x20 d:/quartus15/nios2eds/bin/gnu/h-x86_64-mingw32/bin/../lib/gcc/nios2-elf/4.9.1/../../../../../H-x86_64-mingw32/nios2-elf/lib\libc.a(lib_a-memset.o)
 .debug_aranges
                0x00000000000002a0       0x20 d:/quartus15/nios2eds/bin/gnu/h-x86_64-mingw32/bin/../lib/gcc/nios2-elf/4.9.1/../../../../../H-x86_64-mingw32/nios2-elf/lib\libc.a(lib_a-mprec.o)
 .debug_aranges
                0x00000000000002c0       0x20 d:/quartus15/nios2eds/bin/gnu/h-x86_64-mingw32/bin/../lib/gcc/nios2-elf/4.9.1/../../../../../H-x86_64-mingw32/nios2-elf/lib\libc.a(lib_a-reallocr.o)
 .debug_aranges
                0x00000000000002e0       0x20 d:/quartus15/nios2eds/bin/gnu/h-x86_64-mingw32/bin/../lib/gcc/nios2-elf/4.9.1/../../../../../H-x86_64-mingw32/nios2-elf/lib\libc.a(lib_a-s_fpclassify.o)
 .debug_aranges
                0x0000000000000300       0x20 d:/quartus15/nios2eds/bin/gnu/h-x86_64-mingw32/bin/../lib/gcc/nios2-elf/4.9.1/../../../../../H-x86_64-mingw32/nios2-elf/lib\libc.a(lib_a-sbrkr.o)
 .debug_aranges